2026-06-02T18:19:19.059Z / GET 1.12026-06-02T18:19:19.067Z /dashboard GET 1.12026-06-02T18:21:18.665Z /dashboard GET 1.12026-06-02T18:22:15.620Z /login GET 1.12026-06-02T18:22:15.641Z /bootstrap/css/bootstrap.min.css GET 1.12026-06-02T18:22:15.642Z /css/style.css GET 1.12026-06-02T18:22:15.667Z /favicon.ico GET 1.12026-06-02T18:33:34.795Z /login GET 1.12026-06-02T18:33:34.824Z /bootstrap/css/bootstrap.min.css GET 1.12026-06-02T18:33:34.824Z /css/style.css GET 1.12026-06-02T18:33:34.853Z /favicon.ico GET 1.12026-06-02T18:33:43.541Z /dashboard? GET 1.12026-06-02T18:34:02.610Z /dashboard? GET 1.12026-06-02T18:38:13.970Z /.well-known/appspecific/com.chrome.devtools.json GET 1.1
2026-06-02T18:38:13.999Z /.well-known/appspecific/com.chrome.devtools.json GET 1.1
2026-06-02T18:38:15.234Z /dashboard? GET 1.1
2026-06-02T18:38:15.272Z /bootstrap/css/bootstrap.min.css GET 1.1
2026-06-02T18:38:15.273Z /css/style.css GET 1.1
2026-06-02T18:38:15.274Z /js/dashboard.js GET 1.1
2026-06-02T18:38:15.274Z /img/avatar.png GET 1.1
2026-06-02T18:38:15.279Z /.well-known/appspecific/com.chrome.devtools.json GET 1.1
2026-06-02T18:38:15.285Z /vendor/chartjs/chart.umd.js GET 1.1
2026-06-02T18:38:15.287Z /bootstrap/js/bootstrap.bundle.min.js GET 1.1
2026-06-02T18:38:15.335Z /css/style.css.map GET 1.1
2026-06-02T18:38:15.335Z /bootstrap/css/bootstrap.min.css.map GET 1.1
2026-06-02T18:38:15.390Z /vendor/chartjs/chart.umd.js.map GET 1.1
2026-06-02T18:38:15.391Z /bootstrap/js/bootstrap.bundle.min.js.map GET 1.1
2026-06-02T18:38:34.729Z /dashboard GET 1.1
2026-06-02T18:38:34.748Z /bootstrap/css/bootstrap.min.css GET 1.1
2026-06-02T18:38:34.749Z /css/style.css GET 1.1
2026-06-02T18:38:34.750Z /img/avatar.png GET 1.1
2026-06-02T18:38:34.750Z /js/dashboard.js GET 1.1
2026-06-02T18:38:34.753Z /bootstrap/js/bootstrap.bundle.min.js GET 1.1
2026-06-02T18:38:34.753Z /vendor/chartjs/chart.umd.js GET 1.1
2026-06-02T18:38:36.288Z /simulacao GET 1.1
2026-06-02T18:38:36.306Z /bootstrap/css/bootstrap.min.css GET 1.1
2026-06-02T18:38:36.306Z /css/style.css GET 1.1
2026-06-02T18:38:36.306Z /img/avatar.png GET 1.1
2026-06-02T18:38:36.306Z /js/simulacao.js GET 1.1
2026-06-02T18:38:36.310Z /vendor/chartjs/chart.umd.js GET 1.1
2026-06-02T18:38:36.310Z /bootstrap/js/bootstrap.bundle.min.js GET 1.1
2026-06-02T18:38:52.488Z /metrics GET 1.1
2026-06-02T18:38:52.507Z /bootstrap/css/bootstrap.min.css GET 1.1
2026-06-02T18:38:52.507Z /css/style.css GET 1.1
2026-06-02T18:38:52.507Z /img/avatar.png GET 1.1
2026-06-02T18:38:52.508Z /js/metrics.js GET 1.1
2026-06-02T18:38:52.511Z /vendor/chartjs/chart.umd.js GET 1.1
2026-06-02T18:38:52.511Z /bootstrap/js/bootstrap.bundle.min.js GET 1.1
2026-06-02T18:39:14.975Z /simulacao GET 1.1
2026-06-02T18:39:14.994Z /bootstrap/css/bootstrap.min.css GET 1.1
2026-06-02T18:39:14.994Z /css/style.css GET 1.1
2026-06-02T18:39:14.994Z /js/simulacao.js GET 1.1
2026-06-02T18:39:14.994Z /img/avatar.png GET 1.1
2026-06-02T18:39:14.997Z /vendor/chartjs/chart.umd.js GET 1.1
2026-06-02T18:39:14.998Z /bootstrap/js/bootstrap.bundle.min.js GET 1.1
2026-06-02T18:39:28.304Z /metrics GET 1.1
2026-06-02T18:39:28.317Z /bootstrap/css/bootstrap.min.css GET 1.1
2026-06-02T18:39:28.317Z /css/style.css GET 1.1
2026-06-02T18:39:28.318Z /img/avatar.png GET 1.1
2026-06-02T18:39:28.318Z /js/metrics.js GET 1.1
2026-06-02T18:39:28.321Z /vendor/chartjs/chart.umd.js GET 1.1
2026-06-02T18:39:28.321Z /bootstrap/js/bootstrap.bundle.min.js GET 1.1
2026-06-02T18:39:35.261Z /metrics GET 1.1
2026-06-02T18:39:35.275Z /bootstrap/css/bootstrap.min.css GET 1.1
2026-06-02T18:39:35.276Z /css/style.css GET 1.1
2026-06-02T18:39:35.277Z /img/avatar.png GET 1.1
2026-06-02T18:39:35.277Z /js/metrics.js GET 1.1
2026-06-02T18:39:35.278Z /vendor/chartjs/chart.umd.js GET 1.1
2026-06-02T18:39:35.278Z /bootstrap/js/bootstrap.bundle.min.js GET 1.1
2026-06-02T18:39:36.278Z /metrics GET 1.1
2026-06-02T18:39:36.293Z /bootstrap/css/bootstrap.min.css GET 1.1
2026-06-02T18:39:36.293Z /js/metrics.js GET 1.1
2026-06-02T18:39:36.293Z /img/avatar.png GET 1.1
2026-06-02T18:39:36.293Z /css/style.css GET 1.1
2026-06-02T18:39:36.293Z /vendor/chartjs/chart.umd.js GET 1.1
2026-06-02T18:39:36.293Z /bootstrap/js/bootstrap.bundle.min.js GET 1.1
2026-06-02T18:39:37.318Z /metrics GET 1.1
2026-06-02T18:39:37.329Z /bootstrap/css/bootstrap.min.css GET 1.1
2026-06-02T18:39:37.329Z /img/avatar.png GET 1.1
2026-06-02T18:39:37.329Z /js/metrics.js GET 1.1
2026-06-02T18:39:37.329Z /css/style.css GET 1.1
2026-06-02T18:39:37.329Z /bootstrap/js/bootstrap.bundle.min.js GET 1.1
2026-06-02T18:39:37.329Z /vendor/chartjs/chart.umd.js GET 1.1
2026-06-02T18:39:37.949Z /metrics GET 1.1
2026-06-02T18:39:37.962Z /css/style.css GET 1.1
2026-06-02T18:39:37.962Z /img/avatar.png GET 1.1
2026-06-02T18:39:37.962Z /bootstrap/css/bootstrap.min.css GET 1.1
2026-06-02T18:39:37.962Z /js/metrics.js GET 1.1
2026-06-02T18:39:37.962Z /vendor/chartjs/chart.umd.js GET 1.1
2026-06-02T18:39:37.962Z /bootstrap/js/bootstrap.bundle.min.js GET 1.1
2026-06-02T18:39:38.238Z /metrics GET 1.1
2026-06-02T18:39:38.251Z /css/style.css GET 1.1
2026-06-02T18:39:38.251Z /bootstrap/css/bootstrap.min.css GET 1.1
2026-06-02T18:39:38.251Z /js/metrics.js GET 1.1
2026-06-02T18:39:38.251Z /img/avatar.png GET 1.1
2026-06-02T18:39:38.251Z /vendor/chartjs/chart.umd.js GET 1.1
2026-06-02T18:39:38.252Z /bootstrap/js/bootstrap.bundle.min.js GET 1.1
2026-06-02T18:39:38.750Z /metrics GET 1.1
2026-06-02T18:39:38.767Z /bootstrap/css/bootstrap.min.css GET 1.1
2026-06-02T18:39:38.767Z /css/style.css GET 1.1
2026-06-02T18:39:38.767Z /js/metrics.js GET 1.1
2026-06-02T18:39:38.767Z /img/avatar.png GET 1.1
2026-06-02T18:39:38.768Z /vendor/chartjs/chart.umd.js GET 1.1
2026-06-02T18:39:38.768Z /bootstrap/js/bootstrap.bundle.min.js GET 1.1
2026-06-02T18:39:39.181Z /metrics GET 1.1
2026-06-02T18:39:39.194Z /bootstrap/css/bootstrap.min.css GET 1.1
2026-06-02T18:39:39.194Z /css/style.css GET 1.1
2026-06-02T18:39:39.194Z /img/avatar.png GET 1.1
2026-06-02T18:39:39.194Z /js/metrics.js GET 1.1
2026-06-02T18:39:39.197Z /vendor/chartjs/chart.umd.js GET 1.1
2026-06-02T18:39:39.197Z /bootstrap/js/bootstrap.bundle.min.js GET 1.1
2026-06-02T18:39:39.566Z /metrics GET 1.1
2026-06-02T18:39:39.579Z /bootstrap/css/bootstrap.min.css GET 1.1
2026-06-02T18:39:39.579Z /css/style.css GET 1.1
2026-06-02T18:39:39.579Z /img/avatar.png GET 1.1
2026-06-02T18:39:39.579Z /js/metrics.js GET 1.1
2026-06-02T18:39:39.582Z /vendor/chartjs/chart.umd.js GET 1.1
2026-06-02T18:39:39.582Z /bootstrap/js/bootstrap.bundle.min.js GET 1.1
2026-06-02T18:39:39.836Z /metrics GET 1.1
2026-06-02T18:39:39.848Z /css/style.css GET 1.1
2026-06-02T18:39:39.848Z /bootstrap/css/bootstrap.min.css GET 1.1
2026-06-02T18:39:39.848Z /img/avatar.png GET 1.1
2026-06-02T18:39:39.848Z /js/metrics.js GET 1.1
2026-06-02T18:39:39.851Z /vendor/chartjs/chart.umd.js GET 1.1
2026-06-02T18:39:39.851Z /bootstrap/js/bootstrap.bundle.min.js GET 1.1
2026-06-02T18:39:40.053Z /metrics GET 1.1
2026-06-02T18:39:40.071Z /bootstrap/css/bootstrap.min.css GET 1.1
2026-06-02T18:39:40.071Z /css/style.css GET 1.1
2026-06-02T18:39:40.071Z /img/avatar.png GET 1.1
2026-06-02T18:39:40.071Z /js/metrics.js GET 1.1
2026-06-02T18:39:40.074Z /vendor/chartjs/chart.umd.js GET 1.1
2026-06-02T18:39:40.075Z /bootstrap/js/bootstrap.bundle.min.js GET 1.1
2026-06-02T18:39:40.317Z /metrics GET 1.1
2026-06-02T18:39:40.329Z /bootstrap/css/bootstrap.min.css GET 1.1
2026-06-02T18:39:40.329Z /img/avatar.png GET 1.1
2026-06-02T18:39:40.329Z /js/metrics.js GET 1.1
2026-06-02T18:39:40.329Z /css/style.css GET 1.1
2026-06-02T18:39:40.331Z /vendor/chartjs/chart.umd.js GET 1.1
2026-06-02T18:39:40.331Z /bootstrap/js/bootstrap.bundle.min.js GET 1.1
2026-06-02T18:39:40.510Z /metrics GET 1.1
2026-06-02T18:39:40.525Z /js/metrics.js GET 1.1
2026-06-02T18:39:40.525Z /img/avatar.png GET 1.1
2026-06-02T18:39:40.525Z /bootstrap/css/bootstrap.min.css GET 1.1
2026-06-02T18:39:40.525Z /css/style.css GET 1.1
2026-06-02T18:39:40.527Z /vendor/chartjs/chart.umd.js GET 1.1
2026-06-02T18:39:40.527Z /bootstrap/js/bootstrap.bundle.min.js GET 1.1
2026-06-02T18:39:40.676Z /metrics GET 1.1
2026-06-02T18:39:40.688Z /bootstrap/css/bootstrap.min.css GET 1.1
2026-06-02T18:39:40.688Z /css/style.css GET 1.1
2026-06-02T18:39:40.688Z /img/avatar.png GET 1.1
2026-06-02T18:39:40.688Z /js/metrics.js GET 1.1
2026-06-02T18:39:40.691Z /bootstrap/js/bootstrap.bundle.min.js GET 1.1
2026-06-02T18:39:40.691Z /vendor/chartjs/chart.umd.js GET 1.1
2026-06-02T18:39:40.852Z /metrics GET 1.1
2026-06-02T18:39:40.867Z /bootstrap/css/bootstrap.min.css GET 1.1
2026-06-02T18:39:40.867Z /css/style.css GET 1.1
2026-06-02T18:39:40.867Z /img/avatar.png GET 1.1
2026-06-02T18:39:40.867Z /js/metrics.js GET 1.1
2026-06-02T18:39:40.869Z /vendor/chartjs/chart.umd.js GET 1.1
2026-06-02T18:39:40.869Z /bootstrap/js/bootstrap.bundle.min.js GET 1.1
2026-06-02T18:39:41.013Z /metrics GET 1.1
2026-06-02T18:39:41.024Z /bootstrap/css/bootstrap.min.css GET 1.1
2026-06-02T18:39:41.024Z /css/style.css GET 1.1
2026-06-02T18:39:41.025Z /js/metrics.js GET 1.1
2026-06-02T18:39:41.024Z /img/avatar.png GET 1.1
2026-06-02T18:39:41.028Z /vendor/chartjs/chart.umd.js GET 1.1
2026-06-02T18:39:41.028Z /bootstrap/js/bootstrap.bundle.min.js GET 1.1
2026-06-02T18:39:41.173Z /metrics GET 1.1
2026-06-02T18:39:41.187Z /bootstrap/css/bootstrap.min.css GET 1.1
2026-06-02T18:39:41.187Z /img/avatar.png GET 1.1
2026-06-02T18:39:41.187Z /js/metrics.js GET 1.1
2026-06-02T18:39:41.187Z /css/style.css GET 1.1
2026-06-02T18:39:41.192Z /vendor/chartjs/chart.umd.js GET 1.1
2026-06-02T18:39:41.192Z /bootstrap/js/bootstrap.bundle.min.js GET 1.1
2026-06-02T18:39:41.325Z /metrics GET 1.1
2026-06-02T18:39:41.337Z /bootstrap/css/bootstrap.min.css GET 1.1
2026-06-02T18:39:41.337Z /css/style.css GET 1.1
2026-06-02T18:39:41.337Z /img/avatar.png GET 1.1
2026-06-02T18:39:41.337Z /js/metrics.js GET 1.1
2026-06-02T18:39:41.339Z /bootstrap/js/bootstrap.bundle.min.js GET 1.1
2026-06-02T18:39:41.339Z /vendor/chartjs/chart.umd.js GET 1.1
2026-06-02T18:39:49.127Z /simulacao GET 1.1
2026-06-02T18:39:49.144Z /bootstrap/css/bootstrap.min.css GET 1.1
2026-06-02T18:39:49.145Z /css/style.css GET 1.1
2026-06-02T18:39:49.145Z /img/avatar.png GET 1.1
2026-06-02T18:39:49.145Z /js/simulacao.js GET 1.1
2026-06-02T18:39:49.149Z /vendor/chartjs/chart.umd.js GET 1.1
2026-06-02T18:39:49.149Z /bootstrap/js/bootstrap.bundle.min.js GET 1.1
2026-06-02T18:39:50.286Z /dashboard GET 1.1
2026-06-02T18:39:50.301Z /bootstrap/css/bootstrap.min.css GET 1.1
2026-06-02T18:39:50.301Z /css/style.css GET 1.1
2026-06-02T18:39:50.301Z /img/avatar.png GET 1.1
2026-06-02T18:39:50.301Z /js/dashboard.js GET 1.1
2026-06-02T18:39:50.304Z /vendor/chartjs/chart.umd.js GET 1.1
2026-06-02T18:39:50.304Z /bootstrap/js/bootstrap.bundle.min.js GET 1.1
2026-06-02T19:12:04.209Z /dashboard GET 1.1
2026-06-02T19:12:04.259Z /bootstrap/css/bootstrap.min.css GET 1.1
2026-06-02T19:12:04.259Z /js/dashboard.js GET 1.1
2026-06-02T19:12:04.259Z /img/avatar.png GET 1.1
2026-06-02T19:12:04.259Z /vendor/chartjs/chart.umd.js GET 1.1
2026-06-02T19:12:04.259Z /css/style.css GET 1.1
2026-06-02T19:12:04.259Z /bootstrap/js/bootstrap.bundle.min.js GET 1.1
2026-06-02T19:12:06.642Z /metrics GET 1.1
2026-06-02T19:12:06.661Z /bootstrap/css/bootstrap.min.css GET 1.1
2026-06-02T19:12:06.661Z /css/style.css GET 1.1
2026-06-02T19:12:06.661Z /img/avatar.png GET 1.1
2026-06-02T19:12:06.661Z /js/metrics.js GET 1.1
2026-06-02T19:12:06.662Z /vendor/chartjs/chart.umd.js GET 1.1
2026-06-02T19:12:06.662Z /bootstrap/js/bootstrap.bundle.min.js GET 1.1
2026-06-02T19:12:09.750Z /metrics GET 1.1
2026-06-02T19:12:09.770Z /bootstrap/css/bootstrap.min.css GET 1.1
2026-06-02T19:12:09.770Z /css/style.css GET 1.1
2026-06-02T19:12:09.771Z /img/avatar.png GET 1.1
2026-06-02T19:12:09.771Z /js/metrics.js GET 1.1
2026-06-02T19:12:09.776Z /vendor/chartjs/chart.umd.js GET 1.1
2026-06-02T19:12:09.776Z /bootstrap/js/bootstrap.bundle.min.js GET 1.1
2026-06-02T19:12:32.884Z /metrics GET 1.1
2026-06-02T19:12:32.923Z /bootstrap/css/bootstrap.min.css GET 1.1
2026-06-02T19:12:32.924Z /css/style.css GET 1.1
2026-06-02T19:12:32.925Z /img/avatar.png GET 1.1
2026-06-02T19:12:32.925Z /js/metrics.js GET 1.1
2026-06-02T19:12:32.931Z /vendor/chartjs/chart.umd.js GET 1.1
2026-06-02T19:12:32.931Z /bootstrap/js/bootstrap.bundle.min.js GET 1.1
2026-06-02T19:12:33.503Z /metrics GET 1.1
2026-06-02T19:12:33.524Z /bootstrap/css/bootstrap.min.css GET 1.1
2026-06-02T19:12:33.524Z /css/style.css GET 1.1
2026-06-02T19:12:33.524Z /js/metrics.js GET 1.1
2026-06-02T19:12:33.524Z /img/avatar.png GET 1.1
2026-06-02T19:12:33.529Z /vendor/chartjs/chart.umd.js GET 1.1
2026-06-02T19:12:33.532Z /bootstrap/js/bootstrap.bundle.min.js GET 1.1
2026-06-02T19:12:40.206Z /login GET 1.1
2026-06-02T19:12:40.224Z /bootstrap/css/bootstrap.min.css GET 1.1
2026-06-02T19:12:40.225Z /css/style.css GET 1.1
2026-06-02T19:12:51.585Z /dashboard? GET 1.1
2026-06-02T19:12:51.611Z /bootstrap/css/bootstrap.min.css GET 1.1
2026-06-02T19:12:51.612Z /css/style.css GET 1.1
2026-06-02T19:12:51.613Z /img/avatar.png GET 1.1
2026-06-02T19:12:51.613Z /js/dashboard.js GET 1.1
2026-06-02T19:12:51.620Z /bootstrap/js/bootstrap.bundle.min.js GET 1.1
2026-06-02T19:12:51.620Z /vendor/chartjs/chart.umd.js GET 1.1
2026-06-02T19:12:54.545Z /metrics GET 1.1
2026-06-02T19:12:54.577Z /bootstrap/css/bootstrap.min.css GET 1.1
2026-06-02T19:12:54.577Z /css/style.css GET 1.1
2026-06-02T19:12:54.577Z /img/avatar.png GET 1.1
2026-06-02T19:12:54.577Z /js/metrics.js GET 1.1
2026-06-02T19:12:54.582Z /bootstrap/js/bootstrap.bundle.min.js GET 1.1
2026-06-02T19:12:54.582Z /vendor/chartjs/chart.umd.js GET 1.1
2026-06-02T19:14:17.008Z /dashboard GET 1.1
2026-06-02T19:14:17.029Z /bootstrap/css/bootstrap.min.css GET 1.1
2026-06-02T19:14:17.031Z /img/avatar.png GET 1.1
2026-06-02T19:14:17.030Z /css/style.css GET 1.1
2026-06-02T19:14:17.031Z /js/dashboard.js GET 1.1
2026-06-02T19:14:17.034Z /bootstrap/js/bootstrap.bundle.min.js GET 1.1
2026-06-02T19:14:17.034Z /vendor/chartjs/chart.umd.js GET 1.1
2026-06-02T19:14:52.415Z /simulacao GET 1.1
2026-06-02T19:14:52.475Z /bootstrap/css/bootstrap.min.css GET 1.1
2026-06-02T19:14:52.479Z /css/style.css GET 1.1
2026-06-02T19:14:52.479Z /img/avatar.png GET 1.1
2026-06-02T19:14:52.479Z /js/simulacao.js GET 1.1
2026-06-02T19:14:52.480Z /vendor/chartjs/chart.umd.js GET 1.1
2026-06-02T19:14:52.483Z /bootstrap/js/bootstrap.bundle.min.js GET 1.1
2026-06-02T19:16:16.920Z /dashboard GET 1.1
2026-06-02T19:16:16.940Z /bootstrap/css/bootstrap.min.css GET 1.1
2026-06-02T19:16:16.941Z /css/style.css GET 1.1
2026-06-02T19:16:16.942Z /img/avatar.png GET 1.1
2026-06-02T19:16:16.942Z /js/dashboard.js GET 1.1
2026-06-02T19:16:16.944Z /vendor/chartjs/chart.umd.js GET 1.1
2026-06-02T19:16:16.944Z /bootstrap/js/bootstrap.bundle.min.js GET 1.1
2026-06-02T19:16:38.665Z /dashboard GET 1.1
2026-06-02T19:16:38.706Z /bootstrap/css/bootstrap.min.css GET 1.1
2026-06-02T19:16:38.707Z /css/style.css GET 1.1
2026-06-02T19:16:38.707Z /img/avatar.png GET 1.1
2026-06-02T19:16:38.708Z /js/dashboard.js GET 1.1
2026-06-02T19:16:38.709Z /bootstrap/js/bootstrap.bundle.min.js GET 1.1
2026-06-02T19:16:38.709Z /vendor/chartjs/chart.umd.js GET 1.1
2026-06-02T19:16:43.574Z /metrics GET 1.1
2026-06-02T19:16:43.618Z /bootstrap/css/bootstrap.min.css GET 1.1
2026-06-02T19:16:43.618Z /img/avatar.png GET 1.1
2026-06-02T19:16:43.618Z /css/style.css GET 1.1
2026-06-02T19:16:43.618Z /js/metrics.js GET 1.1
2026-06-02T19:16:43.622Z /vendor/chartjs/chart.umd.js GET 1.1
2026-06-02T19:16:43.622Z /bootstrap/js/bootstrap.bundle.min.js GET 1.1
2026-06-02T19:16:45.597Z /dashboard GET 1.1
2026-06-02T19:16:45.617Z /bootstrap/css/bootstrap.min.css GET 1.1
2026-06-02T19:16:45.617Z /css/style.css GET 1.1
2026-06-02T19:16:45.618Z /js/dashboard.js GET 1.1
2026-06-02T19:16:45.618Z /img/avatar.png GET 1.1
2026-06-02T19:16:45.622Z /vendor/chartjs/chart.umd.js GET 1.1
2026-06-02T19:16:45.622Z /bootstrap/js/bootstrap.bundle.min.js GET 1.1
2026-06-02T19:16:48.196Z /bootstrap/css/bootstrap.min.css GET 1.1
2026-06-02T19:16:48.196Z /css/style.css GET 1.1
2026-06-02T19:16:48.247Z /.well-known/appspecific/com.chrome.devtools.json GET 1.1
2026-06-02T19:16:48.255Z /vendor/chartjs/chart.umd.js.map GET 1.1
2026-06-02T19:16:48.255Z /bootstrap/js/bootstrap.bundle.min.js.map GET 1.1
2026-06-02T19:16:48.292Z /css/style.css.map GET 1.1
2026-06-02T19:16:48.293Z /bootstrap/css/bootstrap.min.css.map GET 1.1
2026-06-02T19:17:08.533Z /dashboard GET 1.1
2026-06-02T19:17:08.646Z /bootstrap/css/bootstrap.min.css GET 1.1
2026-06-02T19:17:08.646Z /css/style.css GET 1.1
2026-06-02T19:17:08.647Z /img/avatar.png GET 1.1
2026-06-02T19:17:08.647Z /js/dashboard.js GET 1.1
2026-06-02T19:17:08.656Z /vendor/chartjs/chart.umd.js GET 1.1
2026-06-02T19:17:08.656Z /.well-known/appspecific/com.chrome.devtools.json GET 1.1
2026-06-02T19:17:08.664Z /bootstrap/js/bootstrap.bundle.min.js GET 1.1
2026-06-02T19:17:08.665Z /img/avatar.png GET 1.1
2026-06-02T19:17:08.690Z /vendor/chartjs/chart.umd.js.map GET 1.1
2026-06-02T19:17:08.695Z /bootstrap/js/bootstrap.bundle.min.js.map GET 1.1
2026-06-02T19:17:08.749Z /bootstrap/css/bootstrap.min.css.map GET 1.1
2026-06-02T19:17:08.749Z /css/style.css.map GET 1.1
2026-06-02T19:18:08.372Z / GET 1.1
2026-06-02T19:18:08.396Z /dashboard GET 1.1
2026-06-02T19:18:08.455Z /bootstrap/css/bootstrap.min.css GET 1.1
2026-06-02T19:18:08.456Z /css/style.css GET 1.1
2026-06-02T19:18:08.457Z /js/dashboard.js GET 1.1
2026-06-02T19:18:08.457Z /img/avatar.png GET 1.1
2026-06-02T19:18:08.460Z /vendor/chartjs/chart.umd.js GET 1.1
2026-06-02T19:18:08.460Z /bootstrap/js/bootstrap.bundle.min.js GET 1.1
2026-06-02T19:18:11.212Z /bootstrap/css/bootstrap.min.css GET 1.1
2026-06-02T19:18:11.212Z /css/style.css GET 1.1
2026-06-02T19:18:11.241Z /.well-known/appspecific/com.chrome.devtools.json GET 1.1
2026-06-02T19:18:11.256Z /vendor/chartjs/chart.umd.js.map GET 1.1
2026-06-02T19:18:11.256Z /bootstrap/js/bootstrap.bundle.min.js.map GET 1.1
2026-06-02T19:18:11.263Z /bootstrap/css/bootstrap.min.css.map GET 1.1
2026-06-02T19:18:11.263Z /css/style.css.map GET 1.1
2026-06-02T19:19:06.085Z /dashboard GET 1.1
2026-06-02T19:19:06.202Z /.well-known/appspecific/com.chrome.devtools.json GET 1.1
2026-06-02T19:19:06.202Z /bootstrap/css/bootstrap.min.css GET 1.1
2026-06-02T19:19:06.203Z /css/style.css GET 1.1
2026-06-02T19:19:06.204Z /img/avatar.png GET 1.1
2026-06-02T19:19:06.207Z /js/dashboard.js GET 1.1
2026-06-02T19:19:06.225Z /vendor/chartjs/chart.umd.js GET 1.1
2026-06-02T19:19:06.225Z /bootstrap/js/bootstrap.bundle.min.js GET 1.1
2026-06-02T19:19:06.253Z /vendor/chartjs/chart.umd.js.map GET 1.1
2026-06-02T19:19:06.313Z /css/style.css.map GET 1.1
2026-06-02T19:19:06.313Z /bootstrap/css/bootstrap.min.css.map GET 1.1
2026-06-02T19:19:06.315Z /bootstrap/js/bootstrap.bundle.min.js.map GET 1.1
2026-06-02T19:19:08.470Z /simulacao GET 1.1
2026-06-02T19:19:08.530Z /css/style.css GET 1.1
2026-06-02T19:19:08.530Z /bootstrap/css/bootstrap.min.css GET 1.1
2026-06-02T19:19:08.530Z /img/avatar.png GET 1.1
2026-06-02T19:19:08.530Z /js/simulacao.js GET 1.1
2026-06-02T19:19:08.535Z /vendor/chartjs/chart.umd.js GET 1.1
2026-06-02T19:19:08.536Z /bootstrap/js/bootstrap.bundle.min.js GET 1.1
2026-06-02T19:19:08.542Z /.well-known/appspecific/com.chrome.devtools.json GET 1.1
2026-06-02T19:19:08.562Z /vendor/chartjs/chart.umd.js.map GET 1.1
2026-06-02T19:19:08.562Z /bootstrap/js/bootstrap.bundle.min.js.map GET 1.1
2026-06-02T19:19:08.579Z /css/style.css.map GET 1.1
2026-06-02T19:19:08.579Z /bootstrap/css/bootstrap.min.css.map GET 1.1
2026-06-02T19:20:56.963Z /dashboard GET 1.1
2026-06-02T19:20:56.987Z /bootstrap/css/bootstrap.min.css GET 1.1
2026-06-02T19:20:56.987Z /css/style.css GET 1.1
2026-06-02T19:20:56.988Z /img/avatar.png GET 1.1
2026-06-02T19:20:56.989Z /js/dashboard.js GET 1.1
2026-06-02T19:20:56.989Z /vendor/chartjs/chart.umd.js GET 1.1
2026-06-02T19:20:56.989Z /bootstrap/js/bootstrap.bundle.min.js GET 1.1
2026-06-02T19:20:57.005Z /.well-known/appspecific/com.chrome.devtools.json GET 1.1
2026-06-02T19:20:57.019Z /vendor/chartjs/chart.umd.js.map GET 1.1
2026-06-02T19:20:57.019Z /bootstrap/js/bootstrap.bundle.min.js.map GET 1.1
2026-06-02T19:20:57.019Z /bootstrap/css/bootstrap.min.css.map GET 1.1
2026-06-02T19:20:57.019Z /css/style.css.map GET 1.1
2026-06-02T19:21:08.767Z /dashboard GET 1.1
2026-06-02T19:21:08.810Z /bootstrap/css/bootstrap.min.css GET 1.1
2026-06-02T19:21:08.812Z /css/style.css GET 1.1
2026-06-02T19:21:08.812Z /js/dashboard.js GET 1.1
2026-06-02T19:21:08.812Z /vendor/chartjs/chart.umd.js GET 1.1
2026-06-02T19:21:08.812Z /img/avatar.png GET 1.1
2026-06-02T19:21:08.813Z /bootstrap/js/bootstrap.bundle.min.js GET 1.1
2026-06-02T19:21:08.820Z /.well-known/appspecific/com.chrome.devtools.json GET 1.1
2026-06-02T19:21:08.843Z /vendor/chartjs/chart.umd.js.map GET 1.1
2026-06-02T19:21:08.843Z /bootstrap/js/bootstrap.bundle.min.js.map GET 1.1
2026-06-02T19:21:08.854Z /bootstrap/css/bootstrap.min.css.map GET 1.1
2026-06-02T19:21:08.855Z /css/style.css.map GET 1.1
2026-06-02T19:21:16.531Z /dashboard GET 1.1
2026-06-02T19:21:16.572Z /.well-known/appspecific/com.chrome.devtools.json GET 1.1
2026-06-02T19:21:16.573Z /bootstrap/css/bootstrap.min.css GET 1.1
2026-06-02T19:21:16.574Z /css/style.css GET 1.1
2026-06-02T19:21:16.576Z /img/avatar.png GET 1.1
2026-06-02T19:21:16.578Z /js/dashboard.js GET 1.1
2026-06-02T19:21:16.578Z /bootstrap/js/bootstrap.bundle.min.js GET 1.1
2026-06-02T19:21:16.578Z /vendor/chartjs/chart.umd.js GET 1.1
2026-06-02T19:21:16.605Z /vendor/chartjs/chart.umd.js.map GET 1.1
2026-06-02T19:21:16.605Z /bootstrap/js/bootstrap.bundle.min.js.map GET 1.1
2026-06-02T19:21:16.621Z /bootstrap/css/bootstrap.min.css.map GET 1.1
2026-06-02T19:21:16.621Z /css/style.css.map GET 1.1
2026-06-02T19:25:53.871Z /dashboard GET 1.1
2026-06-02T19:25:53.927Z /bootstrap/css/bootstrap.min.css GET 1.1
2026-06-02T19:25:53.928Z /css/style.css GET 1.1
2026-06-02T19:25:53.929Z /img/avatar.png GET 1.1
2026-06-02T19:25:53.929Z /js/dashboard.js GET 1.1
2026-06-02T19:25:53.929Z /vendor/chartjs/chart.umd.js GET 1.1
2026-06-02T19:25:53.931Z /bootstrap/js/bootstrap.bundle.min.js GET 1.1
2026-06-02T19:25:53.943Z /.well-known/appspecific/com.chrome.devtools.json GET 1.1
2026-06-02T19:25:53.957Z /login GET 1.1
2026-06-02T19:25:53.972Z /bootstrap/css/bootstrap.min.css.map GET 1.1
2026-06-02T19:25:53.972Z /bootstrap/js/bootstrap.bundle.min.js.map GET 1.1
2026-06-02T19:25:53.972Z /vendor/chartjs/chart.umd.js.map GET 1.1
2026-06-02T19:25:53.974Z /css/style.css.map GET 1.1
2026-06-02T19:25:53.988Z /.well-known/appspecific/com.chrome.devtools.json GET 1.1
2026-06-02T19:25:53.989Z /bootstrap/css/bootstrap.min.css GET 1.1
2026-06-02T19:25:53.989Z /css/style.css GET 1.1
2026-06-02T19:25:54.028Z /css/style.css.map GET 1.1
2026-06-02T19:25:54.028Z /bootstrap/css/bootstrap.min.css.map GET 1.1
2026-06-02T19:26:04.318Z /dashboard GET 1.1
2026-06-02T19:26:04.345Z /bootstrap/css/bootstrap.min.css GET 1.1
2026-06-02T19:26:04.346Z /css/style.css GET 1.1
2026-06-02T19:26:04.347Z /js/dashboard.js GET 1.1
2026-06-02T19:26:04.348Z /img/avatar.png GET 1.1
2026-06-02T19:26:04.348Z /vendor/chartjs/chart.umd.js GET 1.1
2026-06-02T19:26:04.348Z /bootstrap/js/bootstrap.bundle.min.js GET 1.1
2026-06-02T19:26:04.364Z /.well-known/appspecific/com.chrome.devtools.json GET 1.1
2026-06-02T19:26:04.375Z /vendor/chartjs/chart.umd.js.map GET 1.1
2026-06-02T19:26:04.376Z /bootstrap/js/bootstrap.bundle.min.js.map GET 1.1
2026-06-02T19:26:04.393Z /css/style.css.map GET 1.1
2026-06-02T19:26:04.397Z /bootstrap/css/bootstrap.min.css.map GET 1.1
2026-06-02T19:27:26.417Z /dashboard GET 1.1
2026-06-02T19:27:26.593Z /bootstrap/css/bootstrap.min.css GET 1.1
2026-06-02T19:27:26.596Z /css/style.css GET 1.1
2026-06-02T19:27:26.597Z /js/dashboard.js GET 1.1
2026-06-02T19:27:26.597Z /vendor/chartjs/chart.umd.js GET 1.1
2026-06-02T19:27:26.597Z /bootstrap/js/bootstrap.bundle.min.js GET 1.1
2026-06-02T19:27:26.597Z /img/avatar.png GET 1.1
2026-06-02T19:29:39.576Z /metrics GET 1.1
2026-06-02T19:29:39.598Z /bootstrap/css/bootstrap.min.css GET 1.1
2026-06-02T19:29:39.598Z /css/style.css GET 1.1
2026-06-02T19:29:39.600Z /js/metrics.js GET 1.1
2026-06-02T19:29:39.600Z /vendor/chartjs/chart.umd.js GET 1.1
2026-06-02T19:29:39.600Z /img/avatar.png GET 1.1
2026-06-02T19:29:39.600Z /bootstrap/js/bootstrap.bundle.min.js GET 1.1
2026-06-02T19:30:43.253Z /simulacao GET 1.1
2026-06-02T19:30:43.273Z /bootstrap/css/bootstrap.min.css GET 1.1
2026-06-02T19:30:43.274Z /css/style.css GET 1.1
2026-06-02T19:30:43.276Z /img/avatar.png GET 1.1
2026-06-02T19:30:43.276Z /js/simulacao.js GET 1.1
2026-06-02T19:30:43.276Z /vendor/chartjs/chart.umd.js GET 1.1
2026-06-02T19:30:43.276Z /bootstrap/js/bootstrap.bundle.min.js GET 1.1
2026-06-02T19:31:31.436Z /dashboard GET 1.1
2026-06-02T19:31:31.453Z /bootstrap/css/bootstrap.min.css GET 1.1
2026-06-02T19:31:31.454Z /css/style.css GET 1.1
2026-06-02T19:31:31.454Z /img/avatar.png GET 1.1
2026-06-02T19:31:31.455Z /js/dashboard.js GET 1.1
2026-06-02T19:31:31.455Z /vendor/chartjs/chart.umd.js GET 1.1
2026-06-02T19:31:31.456Z /bootstrap/js/bootstrap.bundle.min.js GET 1.1
2026-06-02T19:31:31.472Z /login GET 1.1
2026-06-02T19:31:31.495Z /bootstrap/css/bootstrap.min.css GET 1.1
2026-06-02T19:31:31.495Z /css/style.css GET 1.1
2026-06-02T19:32:11.029Z /login GET 1.1
2026-06-02T19:32:11.044Z /bootstrap/css/bootstrap.min.css GET 1.1
2026-06-02T19:32:11.044Z /css/style.css GET 1.1
2026-06-02T19:32:20.818Z /dashboard GET 1.1
2026-06-02T19:32:20.842Z /bootstrap/css/bootstrap.min.css GET 1.1
2026-06-02T19:32:20.842Z /css/style.css GET 1.1
2026-06-02T19:32:20.843Z /img/avatar.png GET 1.1
2026-06-02T19:32:20.844Z /js/dashboard.js GET 1.1
2026-06-02T19:32:20.844Z /vendor/chartjs/chart.umd.js GET 1.1
2026-06-02T19:32:20.844Z /bootstrap/js/bootstrap.bundle.min.js GET 1.1
2026-06-02T19:32:30.967Z /simulacao GET 1.1
2026-06-02T19:32:30.986Z /bootstrap/css/bootstrap.min.css GET 1.1
2026-06-02T19:32:30.986Z /css/style.css GET 1.1
2026-06-02T19:32:30.986Z /img/avatar.png GET 1.1
2026-06-02T19:32:30.987Z /js/simulacao.js GET 1.1
2026-06-02T19:32:30.988Z /vendor/chartjs/chart.umd.js GET 1.1
2026-06-02T19:32:30.989Z /bootstrap/js/bootstrap.bundle.min.js GET 1.1
2026-06-02T19:33:02.974Z /metrics GET 1.1
2026-06-02T19:33:02.993Z /bootstrap/css/bootstrap.min.css GET 1.1
2026-06-02T19:33:02.994Z /css/style.css GET 1.1
2026-06-02T19:33:02.995Z /vendor/chartjs/chart.umd.js GET 1.1
2026-06-02T19:33:02.995Z /js/metrics.js GET 1.1
2026-06-02T19:33:02.995Z /img/avatar.png GET 1.1
2026-06-02T19:33:02.996Z /bootstrap/js/bootstrap.bundle.min.js GET 1.1
2026-06-02T19:33:05.533Z /simulacao GET 1.1
2026-06-02T19:33:05.555Z /bootstrap/css/bootstrap.min.css GET 1.1
2026-06-02T19:33:05.555Z /img/avatar.png GET 1.1
2026-06-02T19:33:05.555Z /js/simulacao.js GET 1.1
2026-06-02T19:33:05.555Z /css/style.css GET 1.1
2026-06-02T19:33:05.555Z /vendor/chartjs/chart.umd.js GET 1.1
2026-06-02T19:33:05.555Z /bootstrap/js/bootstrap.bundle.min.js GET 1.1
2026-06-02T19:33:06.623Z /simulacao GET 1.1
2026-06-02T19:33:06.640Z /bootstrap/css/bootstrap.min.css GET 1.1
2026-06-02T19:33:06.641Z /css/style.css GET 1.1
2026-06-02T19:33:06.642Z /img/avatar.png GET 1.1
2026-06-02T19:33:06.642Z /js/simulacao.js GET 1.1
2026-06-02T19:33:06.642Z /vendor/chartjs/chart.umd.js GET 1.1
2026-06-02T19:33:06.642Z /bootstrap/js/bootstrap.bundle.min.js GET 1.1
2026-06-02T19:33:06.982Z /dashboard GET 1.1
2026-06-02T19:33:07.000Z /bootstrap/css/bootstrap.min.css GET 1.1
2026-06-02T19:33:07.000Z /css/style.css GET 1.1
2026-06-02T19:33:07.000Z /img/avatar.png GET 1.1
2026-06-02T19:33:07.000Z /js/dashboard.js GET 1.1
2026-06-02T19:33:07.000Z /vendor/chartjs/chart.umd.js GET 1.1
2026-06-02T19:33:07.000Z /bootstrap/js/bootstrap.bundle.min.js GET 1.1
2026-06-02T19:33:21.350Z /metrics GET 1.1
2026-06-02T19:33:21.370Z /bootstrap/css/bootstrap.min.css GET 1.1
2026-06-02T19:33:21.372Z /bootstrap/js/bootstrap.bundle.min.js GET 1.1
2026-06-02T19:33:21.372Z /css/style.css GET 1.1
2026-06-02T19:33:21.372Z /img/avatar.png GET 1.1
2026-06-02T19:33:21.372Z /js/metrics.js GET 1.1
2026-06-02T19:33:21.372Z /vendor/chartjs/chart.umd.js GET 1.1
2026-06-02T19:33:31.879Z /dashboard GET 1.1
2026-06-02T19:33:31.898Z /bootstrap/css/bootstrap.min.css GET 1.1
2026-06-02T19:33:31.898Z /css/style.css GET 1.1
2026-06-02T19:33:31.899Z /img/avatar.png GET 1.1
2026-06-02T19:33:31.899Z /js/dashboard.js GET 1.1
2026-06-02T19:33:31.899Z /vendor/chartjs/chart.umd.js GET 1.1
2026-06-02T19:33:31.899Z /bootstrap/js/bootstrap.bundle.min.js GET 1.1
2026-06-02T19:33:38.887Z /metrics GET 1.1
2026-06-02T19:33:38.906Z /bootstrap/css/bootstrap.min.css GET 1.1
2026-06-02T19:33:38.908Z /bootstrap/js/bootstrap.bundle.min.js GET 1.1
2026-06-02T19:33:38.908Z /img/avatar.png GET 1.1
2026-06-02T19:33:38.908Z /js/metrics.js GET 1.1
2026-06-02T19:33:38.908Z /css/style.css GET 1.1
2026-06-02T19:33:38.908Z /vendor/chartjs/chart.umd.js GET 1.1
2026-06-02T19:33:45.583Z /logout GET 1.1
2026-06-02T19:33:45.589Z /login GET 1.1
2026-06-02T19:33:45.605Z /bootstrap/css/bootstrap.min.css GET 1.1
2026-06-02T19:33:45.605Z /css/style.css GET 1.1
2026-06-02T19:40:29.778Z /dashboard GET 1.1
2026-06-02T19:40:29.801Z /bootstrap/css/bootstrap.min.css GET 1.1
2026-06-02T19:40:29.802Z /css/style.css GET 1.1
2026-06-02T19:40:29.803Z /vendor/chartjs/chart.umd.js GET 1.1
2026-06-02T19:40:29.803Z /js/dashboard.js GET 1.1
2026-06-02T19:40:29.803Z /bootstrap/js/bootstrap.bundle.min.js GET 1.1
2026-06-02T19:40:29.803Z /img/avatar.png GET 1.1
2026-06-02T19:40:37.029Z /simulacao GET 1.1
2026-06-02T19:40:37.047Z /bootstrap/css/bootstrap.min.css GET 1.1
2026-06-02T19:40:37.048Z /css/style.css GET 1.1
2026-06-02T19:40:37.048Z /img/avatar.png GET 1.1
2026-06-02T19:40:37.050Z /vendor/chartjs/chart.umd.js GET 1.1
2026-06-02T19:40:37.050Z /js/simulacao.js GET 1.1
2026-06-02T19:40:37.050Z /bootstrap/js/bootstrap.bundle.min.js GET 1.1
2026-06-02T19:41:25.477Z /simulacao GET 1.1
2026-06-02T19:41:25.494Z /bootstrap/css/bootstrap.min.css GET 1.1
2026-06-02T19:41:25.494Z /css/style.css GET 1.1
2026-06-02T19:41:25.495Z /img/avatar.png GET 1.1
2026-06-02T19:41:25.495Z /js/simulacao.js GET 1.1
2026-06-02T19:41:25.499Z /vendor/chartjs/chart.umd.js GET 1.1
2026-06-02T19:41:25.499Z /bootstrap/js/bootstrap.bundle.min.js GET 1.1
2026-06-02T19:41:26.188Z /simulacao GET 1.1
2026-06-02T19:41:26.204Z /bootstrap/css/bootstrap.min.css GET 1.1
2026-06-02T19:41:26.204Z /css/style.css GET 1.1
2026-06-02T19:41:26.204Z /img/avatar.png GET 1.1
2026-06-02T19:41:26.204Z /js/simulacao.js GET 1.1
2026-06-02T19:41:26.207Z /vendor/chartjs/chart.umd.js GET 1.1
2026-06-02T19:41:26.208Z /bootstrap/js/bootstrap.bundle.min.js GET 1.1
2026-06-02T19:41:30.805Z /logout GET 1.1
2026-06-02T19:41:30.808Z /login GET 1.1
2026-06-02T19:41:30.822Z /bootstrap/css/bootstrap.min.css GET 1.1
2026-06-02T19:41:30.823Z /css/style.css GET 1.1
2026-06-02T19:41:45.531Z /dashboard GET 1.1
2026-06-02T19:41:45.546Z /bootstrap/css/bootstrap.min.css GET 1.1
2026-06-02T19:41:45.548Z /css/style.css GET 1.1
2026-06-02T19:41:45.548Z /img/avatar.png GET 1.1
2026-06-02T19:41:45.548Z /js/dashboard.js GET 1.1
2026-06-02T19:41:45.552Z /vendor/chartjs/chart.umd.js GET 1.1
2026-06-02T19:41:45.552Z /bootstrap/js/bootstrap.bundle.min.js GET 1.1
2026-06-02T19:41:50.988Z /simulacao GET 1.1
2026-06-02T19:41:51.013Z /bootstrap/css/bootstrap.min.css GET 1.1
2026-06-02T19:41:51.013Z /css/style.css GET 1.1
2026-06-02T19:41:51.013Z /img/avatar.png GET 1.1
2026-06-02T19:41:51.013Z /js/simulacao.js GET 1.1
2026-06-02T19:41:51.016Z /vendor/chartjs/chart.umd.js GET 1.1
2026-06-02T19:41:51.016Z /bootstrap/js/bootstrap.bundle.min.js GET 1.1
2026-06-02T19:42:15.099Z /simulacao GET 1.1
2026-06-02T19:42:15.116Z /bootstrap/css/bootstrap.min.css GET 1.1
2026-06-02T19:42:15.116Z /css/style.css GET 1.1
2026-06-02T19:42:15.118Z /js/simulacao.js GET 1.1
2026-06-02T19:42:15.118Z /img/avatar.png GET 1.1
2026-06-02T19:42:15.121Z /vendor/chartjs/chart.umd.js GET 1.1
2026-06-02T19:42:15.122Z /bootstrap/js/bootstrap.bundle.min.js GET 1.1
2026-06-02T19:42:19.612Z /simulacao GET 1.1
2026-06-02T19:42:19.628Z /bootstrap/css/bootstrap.min.css GET 1.1
2026-06-02T19:42:19.628Z /css/style.css GET 1.1
2026-06-02T19:42:19.628Z /img/avatar.png GET 1.1
2026-06-02T19:42:19.628Z /js/simulacao.js GET 1.1
2026-06-02T19:42:19.632Z /vendor/chartjs/chart.umd.js GET 1.1
2026-06-02T19:42:19.632Z /bootstrap/js/bootstrap.bundle.min.js GET 1.1
2026-06-02T19:42:31.892Z /simulacao GET 1.1
2026-06-02T19:42:31.909Z /bootstrap/css/bootstrap.min.css GET 1.1
2026-06-02T19:42:31.909Z /css/style.css GET 1.1
2026-06-02T19:42:31.909Z /img/avatar.png GET 1.1
2026-06-02T19:42:31.910Z /js/simulacao.js GET 1.1
2026-06-02T19:42:31.911Z /vendor/chartjs/chart.umd.js GET 1.1
2026-06-02T19:42:31.911Z /bootstrap/js/bootstrap.bundle.min.js GET 1.1
2026-06-02T19:42:34.157Z /simulacao GET 1.1
2026-06-02T19:42:34.174Z /bootstrap/css/bootstrap.min.css GET 1.1
2026-06-02T19:42:34.174Z /img/avatar.png GET 1.1
2026-06-02T19:42:34.174Z /js/simulacao.js GET 1.1
2026-06-02T19:42:34.174Z /css/style.css GET 1.1
2026-06-02T19:42:34.177Z /vendor/chartjs/chart.umd.js GET 1.1
2026-06-02T19:42:34.177Z /bootstrap/js/bootstrap.bundle.min.js GET 1.1
2026-06-02T20:03:28.224Z / GET 1.1
2026-06-02T20:03:28.234Z /dashboard GET 1.1
2026-06-02T20:03:28.275Z /bootstrap/css/bootstrap.min.css GET 1.1
2026-06-02T20:03:28.277Z /css/style.css GET 1.1
2026-06-02T20:03:28.277Z /js/dashboard.js GET 1.1
2026-06-02T20:03:28.277Z /img/avatar.png GET 1.1
2026-06-02T20:03:28.280Z /vendor/chartjs/chart.umd.js GET 1.1
2026-06-02T20:03:28.280Z /bootstrap/js/bootstrap.bundle.min.js GET 1.1
2026-06-02T20:03:28.617Z /login GET 1.1
2026-06-02T20:03:28.639Z /bootstrap/css/bootstrap.min.css GET 1.1
2026-06-02T20:03:28.639Z /css/style.css GET 1.1
2026-06-02T20:03:47.711Z /dashboard GET 1.1
2026-06-02T20:03:47.731Z /bootstrap/css/bootstrap.min.css GET 1.1
2026-06-02T20:03:47.732Z /img/avatar.png GET 1.1
2026-06-02T20:03:47.732Z /css/style.css GET 1.1
2026-06-02T20:03:47.733Z /js/dashboard.js GET 1.1
2026-06-02T20:03:47.733Z /vendor/chartjs/chart.umd.js GET 1.1
2026-06-02T20:03:47.733Z /bootstrap/js/bootstrap.bundle.min.js GET 1.1
2026-06-02T20:03:50.083Z /metrics GET 1.1
2026-06-02T20:03:50.102Z /bootstrap/css/bootstrap.min.css GET 1.1
2026-06-02T20:03:50.103Z /js/metrics.js GET 1.1
2026-06-02T20:03:50.103Z /css/style.css GET 1.1
2026-06-02T20:03:50.103Z /img/avatar.png GET 1.1
2026-06-02T20:03:50.103Z /bootstrap/js/bootstrap.bundle.min.js GET 1.1
2026-06-02T20:03:50.103Z /vendor/chartjs/chart.umd.js GET 1.1
2026-06-02T20:03:51.069Z /simulacao GET 1.1
2026-06-02T20:03:51.111Z /img/avatar.png GET 1.1
2026-06-02T20:03:51.111Z /css/style.css GET 1.1
2026-06-02T20:03:51.111Z /js/simulacao.js GET 1.1
2026-06-02T20:03:51.111Z /bootstrap/css/bootstrap.min.css GET 1.1
2026-06-02T20:03:51.111Z /vendor/chartjs/chart.umd.js GET 1.1
2026-06-02T20:03:51.111Z /bootstrap/js/bootstrap.bundle.min.js GET 1.1
2026-06-02T20:04:23.419Z /bootstrap/css/bootstrap.min.css GET 1.1
2026-06-02T20:04:23.419Z /css/style.css GET 1.1
2026-06-02T20:04:23.431Z /.well-known/appspecific/com.chrome.devtools.json GET 1.1
2026-06-02T20:04:23.437Z /vendor/chartjs/chart.umd.js.map GET 1.1
2026-06-02T20:04:23.437Z /bootstrap/js/bootstrap.bundle.min.js.map GET 1.1
2026-06-02T20:04:23.513Z /bootstrap/css/bootstrap.min.css.map GET 1.1
2026-06-02T20:04:23.513Z /css/style.css.map GET 1.1
2026-06-02T20:06:57.465Z /simulacao GET 1.1
2026-06-02T20:06:57.489Z /bootstrap/css/bootstrap.min.css GET 1.1
2026-06-02T20:06:57.490Z /css/style.css GET 1.1
2026-06-02T20:06:57.490Z /js/simulacao.js GET 1.1
2026-06-02T20:06:57.490Z /vendor/chartjs/chart.umd.js GET 1.1
2026-06-02T20:06:57.490Z /img/avatar.png GET 1.1
2026-06-02T20:06:57.492Z /bootstrap/js/bootstrap.bundle.min.js GET 1.1
2026-06-02T20:06:57.503Z /.well-known/appspecific/com.chrome.devtools.json GET 1.1
2026-06-02T20:06:57.518Z /vendor/chartjs/chart.umd.js.map GET 1.1
2026-06-02T20:06:57.518Z /bootstrap/js/bootstrap.bundle.min.js.map GET 1.1
2026-06-02T20:06:57.524Z /bootstrap/css/bootstrap.min.css.map GET 1.1
2026-06-02T20:06:57.524Z /css/style.css.map GET 1.1
2026-06-02T20:08:29.678Z /dashboard GET 1.1
2026-06-02T20:08:29.699Z /bootstrap/css/bootstrap.min.css GET 1.1
2026-06-02T20:08:29.700Z /css/style.css GET 1.1
2026-06-02T20:08:29.700Z /js/dashboard.js GET 1.1
2026-06-02T20:08:29.701Z /img/avatar.png GET 1.1
2026-06-02T20:08:29.701Z /vendor/chartjs/chart.umd.js GET 1.1
2026-06-02T20:08:29.702Z /bootstrap/js/bootstrap.bundle.min.js GET 1.1
2026-06-02T20:08:29.709Z /.well-known/appspecific/com.chrome.devtools.json GET 1.1
2026-06-02T20:08:29.731Z /css/style.css.map GET 1.1
2026-06-02T20:08:29.731Z /bootstrap/css/bootstrap.min.css.map GET 1.1
2026-06-02T20:08:29.738Z /vendor/chartjs/chart.umd.js.map GET 1.1
2026-06-02T20:08:29.738Z /bootstrap/js/bootstrap.bundle.min.js.map GET 1.1
2026-06-02T20:08:36.222Z /simulacao GET 1.1
2026-06-02T20:08:36.244Z /bootstrap/css/bootstrap.min.css GET 1.1
2026-06-02T20:08:36.245Z /css/style.css GET 1.1
2026-06-02T20:08:36.245Z /img/avatar.png GET 1.1
2026-06-02T20:08:36.246Z /js/simulacao.js GET 1.1
2026-06-02T20:08:36.251Z /vendor/chartjs/chart.umd.js GET 1.1
2026-06-02T20:08:36.254Z /.well-known/appspecific/com.chrome.devtools.json GET 1.1
2026-06-02T20:08:36.254Z /bootstrap/js/bootstrap.bundle.min.js GET 1.1
2026-06-02T20:08:36.280Z /bootstrap/css/bootstrap.min.css.map GET 1.1
2026-06-02T20:08:36.280Z /css/style.css.map GET 1.1
2026-06-02T20:08:36.286Z /vendor/chartjs/chart.umd.js.map GET 1.1
2026-06-02T20:08:36.290Z /bootstrap/js/bootstrap.bundle.min.js.map GET 1.1
2026-06-02T20:08:36.804Z /metrics GET 1.1
2026-06-02T20:08:36.832Z /bootstrap/css/bootstrap.min.css GET 1.1
2026-06-02T20:08:36.832Z /css/style.css GET 1.1
2026-06-02T20:08:36.835Z /img/avatar.png GET 1.1
2026-06-02T20:08:36.835Z /vendor/chartjs/chart.umd.js GET 1.1
2026-06-02T20:08:36.835Z /js/metrics.js GET 1.1
2026-06-02T20:08:36.837Z /bootstrap/js/bootstrap.bundle.min.js GET 1.1
2026-06-02T20:08:36.839Z /.well-known/appspecific/com.chrome.devtools.json GET 1.1
2026-06-02T20:08:36.866Z /bootstrap/css/bootstrap.min.css.map GET 1.1
2026-06-02T20:08:36.866Z /css/style.css.map GET 1.1
2026-06-02T20:08:36.920Z /vendor/chartjs/chart.umd.js.map GET 1.1
2026-06-02T20:08:36.920Z /bootstrap/js/bootstrap.bundle.min.js.map GET 1.1
2026-06-02T20:10:42.910Z /metrics GET 1.1
2026-06-02T20:10:42.934Z /bootstrap/css/bootstrap.min.css GET 1.1
2026-06-02T20:10:42.935Z /js/metrics.js GET 1.1
2026-06-02T20:10:42.935Z /css/style.css GET 1.1
2026-06-02T20:10:42.935Z /img/avatar.png GET 1.1
2026-06-02T20:10:42.936Z /vendor/chartjs/chart.umd.js GET 1.1
2026-06-02T20:10:42.936Z /bootstrap/js/bootstrap.bundle.min.js GET 1.1
2026-06-02T20:10:42.942Z /.well-known/appspecific/com.chrome.devtools.json GET 1.1
2026-06-02T20:10:42.962Z /bootstrap/css/bootstrap.min.css.map GET 1.1
2026-06-02T20:10:42.962Z /css/style.css.map GET 1.1
2026-06-02T20:10:42.966Z /vendor/chartjs/chart.umd.js.map GET 1.1
2026-06-02T20:10:42.968Z /bootstrap/js/bootstrap.bundle.min.js.map GET 1.1
2026-06-02T20:10:47.614Z /logout GET 1.1
2026-06-02T20:10:47.618Z /login GET 1.1
2026-06-02T20:10:47.638Z /css/style.css GET 1.1
2026-06-02T20:10:47.638Z /bootstrap/css/bootstrap.min.css GET 1.1
2026-06-02T20:10:47.644Z /.well-known/appspecific/com.chrome.devtools.json GET 1.1
2026-06-02T20:10:47.667Z /bootstrap/css/bootstrap.min.css.map GET 1.1
2026-06-02T20:10:47.667Z /css/style.css.map GET 1.1
2026-06-02T20:10:55.697Z /dashboard GET 1.1
2026-06-02T20:10:55.727Z /.well-known/appspecific/com.chrome.devtools.json GET 1.1
2026-06-02T20:10:55.728Z /bootstrap/css/bootstrap.min.css GET 1.1
2026-06-02T20:10:55.728Z /css/style.css GET 1.1
2026-06-02T20:10:55.729Z /img/avatar.png GET 1.1
2026-06-02T20:10:55.730Z /js/dashboard.js GET 1.1
2026-06-02T20:10:55.730Z /vendor/chartjs/chart.umd.js GET 1.1
2026-06-02T20:10:55.730Z /bootstrap/js/bootstrap.bundle.min.js GET 1.1
2026-06-02T20:10:55.759Z /css/style.css.map GET 1.1
2026-06-02T20:10:55.759Z /bootstrap/css/bootstrap.min.css.map GET 1.1
2026-06-02T20:10:55.807Z /vendor/chartjs/chart.umd.js.map GET 1.1
2026-06-02T20:10:55.807Z /bootstrap/js/bootstrap.bundle.min.js.map GET 1.1
2026-06-02T20:11:11.752Z /metrics GET 1.1
2026-06-02T20:11:11.778Z /.well-known/appspecific/com.chrome.devtools.json GET 1.1
2026-06-02T20:11:11.779Z /bootstrap/css/bootstrap.min.css GET 1.1
2026-06-02T20:11:11.781Z /css/style.css GET 1.1
2026-06-02T20:11:11.782Z /img/avatar.png GET 1.1
2026-06-02T20:11:11.782Z /js/metrics.js GET 1.1
2026-06-02T20:11:11.782Z /bootstrap/js/bootstrap.bundle.min.js GET 1.1
2026-06-02T20:11:11.782Z /vendor/chartjs/chart.umd.js GET 1.1
2026-06-02T20:11:11.799Z /bootstrap/css/bootstrap.min.css.map GET 1.1
2026-06-02T20:11:11.818Z /css/style.css.map GET 1.1
2026-06-02T20:11:11.863Z /vendor/chartjs/chart.umd.js.map GET 1.1
2026-06-02T20:11:11.863Z /bootstrap/js/bootstrap.bundle.min.js.map GET 1.1
2026-06-02T20:11:22.798Z /simulacao GET 1.1
2026-06-02T20:11:22.820Z /bootstrap/css/bootstrap.min.css GET 1.1
2026-06-02T20:11:22.821Z /css/style.css GET 1.1
2026-06-02T20:11:22.824Z /js/simulacao.js GET 1.1
2026-06-02T20:11:22.824Z /img/avatar.png GET 1.1
2026-06-02T20:11:22.824Z /vendor/chartjs/chart.umd.js GET 1.1
2026-06-02T20:11:22.826Z /bootstrap/js/bootstrap.bundle.min.js GET 1.1
2026-06-02T20:11:22.832Z /.well-known/appspecific/com.chrome.devtools.json GET 1.1
2026-06-02T20:11:22.842Z /vendor/chartjs/chart.umd.js.map GET 1.1
2026-06-02T20:11:22.842Z /bootstrap/js/bootstrap.bundle.min.js.map GET 1.1
2026-06-02T20:11:22.855Z /css/style.css.map GET 1.1
2026-06-02T20:11:22.855Z /bootstrap/css/bootstrap.min.css.map GET 1.1
2026-06-02T20:12:11.228Z /metrics GET 1.1
2026-06-02T20:12:11.250Z /bootstrap/css/bootstrap.min.css GET 1.1
2026-06-02T20:12:11.252Z /css/style.css GET 1.1
2026-06-02T20:12:11.253Z /img/avatar.png GET 1.1
2026-06-02T20:12:11.253Z /js/metrics.js GET 1.1
2026-06-02T20:12:11.256Z /vendor/chartjs/chart.umd.js GET 1.1
2026-06-02T20:12:11.256Z /bootstrap/js/bootstrap.bundle.min.js GET 1.1
2026-06-02T20:12:11.261Z /.well-known/appspecific/com.chrome.devtools.json GET 1.1
2026-06-02T20:12:11.282Z /bootstrap/css/bootstrap.min.css.map GET 1.1
2026-06-02T20:12:11.283Z /css/style.css.map GET 1.1
2026-06-02T20:12:11.290Z /vendor/chartjs/chart.umd.js.map GET 1.1
2026-06-02T20:12:11.328Z /bootstrap/js/bootstrap.bundle.min.js.map GET 1.1
2026-06-02T20:12:32.868Z /dashboard GET 1.1
2026-06-02T20:12:32.891Z /bootstrap/css/bootstrap.min.css GET 1.1
2026-06-02T20:12:32.894Z /css/style.css GET 1.1
2026-06-02T20:12:32.895Z /img/avatar.png GET 1.1
2026-06-02T20:12:32.897Z /js/dashboard.js GET 1.1
2026-06-02T20:12:32.897Z /vendor/chartjs/chart.umd.js GET 1.1
2026-06-02T20:12:32.899Z /bootstrap/js/bootstrap.bundle.min.js GET 1.1
2026-06-02T20:12:32.900Z /.well-known/appspecific/com.chrome.devtools.json GET 1.1
2026-06-02T20:12:32.921Z /css/style.css.map GET 1.1
2026-06-02T20:12:32.922Z /bootstrap/css/bootstrap.min.css.map GET 1.1
2026-06-02T20:12:32.927Z /vendor/chartjs/chart.umd.js.map GET 1.1
2026-06-02T20:12:32.929Z /bootstrap/js/bootstrap.bundle.min.js.map GET 1.1
2026-06-02T20:15:46.824Z /simulacao GET 1.1
2026-06-02T20:15:46.851Z /bootstrap/css/bootstrap.min.css GET 1.1
2026-06-02T20:15:46.851Z /css/style.css GET 1.1
2026-06-02T20:15:46.853Z /img/avatar.png GET 1.1
2026-06-02T20:15:46.853Z /js/simulacao.js GET 1.1
2026-06-02T20:15:46.854Z /vendor/chartjs/chart.umd.js GET 1.1
2026-06-02T20:15:46.854Z /bootstrap/js/bootstrap.bundle.min.js GET 1.1
2026-06-02T20:15:46.856Z /.well-known/appspecific/com.chrome.devtools.json GET 1.1
2026-06-02T20:15:46.881Z /css/style.css.map GET 1.1
2026-06-02T20:15:46.881Z /bootstrap/css/bootstrap.min.css.map GET 1.1
2026-06-02T20:15:46.891Z /vendor/chartjs/chart.umd.js.map GET 1.1
2026-06-02T20:15:46.891Z /bootstrap/js/bootstrap.bundle.min.js.map GET 1.1
2026-06-02T20:16:17.285Z /simulacao GET 1.1
2026-06-02T20:16:17.308Z /bootstrap/css/bootstrap.min.css GET 1.1
2026-06-02T20:16:17.310Z /css/style.css GET 1.1
2026-06-02T20:16:17.310Z /js/simulacao.js GET 1.1
2026-06-02T20:16:17.312Z /vendor/chartjs/chart.umd.js GET 1.1
2026-06-02T20:16:17.311Z /img/avatar.png GET 1.1
2026-06-02T20:16:17.313Z /bootstrap/js/bootstrap.bundle.min.js GET 1.1
2026-06-02T20:16:17.318Z /.well-known/appspecific/com.chrome.devtools.json GET 1.1
2026-06-02T20:16:17.331Z /vendor/chartjs/chart.umd.js.map GET 1.1
2026-06-02T20:16:17.332Z /bootstrap/js/bootstrap.bundle.min.js.map GET 1.1
2026-06-02T20:16:17.374Z /bootstrap/css/bootstrap.min.css.map GET 1.1
2026-06-02T20:16:17.373Z /css/style.css.map GET 1.1
2026-06-02T20:16:21.198Z /logout GET 1.1
2026-06-02T20:16:21.201Z /login GET 1.1
2026-06-02T20:16:21.222Z /bootstrap/css/bootstrap.min.css GET 1.1
2026-06-02T20:16:21.224Z /css/style.css GET 1.1
2026-06-02T20:16:21.233Z /.well-known/appspecific/com.chrome.devtools.json GET 1.1
2026-06-02T20:16:21.252Z /bootstrap/css/bootstrap.min.css.map GET 1.1
2026-06-02T20:16:21.252Z /css/style.css.map GET 1.1
2026-06-02T20:16:32.333Z /dashboard GET 1.1
2026-06-02T20:16:32.364Z /bootstrap/css/bootstrap.min.css GET 1.1
2026-06-02T20:16:32.365Z /css/style.css GET 1.1
2026-06-02T20:16:32.367Z /img/avatar.png GET 1.1
2026-06-02T20:16:32.368Z /js/dashboard.js GET 1.1
2026-06-02T20:16:32.370Z /vendor/chartjs/chart.umd.js GET 1.1
2026-06-02T20:16:32.370Z /bootstrap/js/bootstrap.bundle.min.js GET 1.1
2026-06-02T20:16:32.371Z /.well-known/appspecific/com.chrome.devtools.json GET 1.1
2026-06-02T20:16:32.392Z /css/style.css.map GET 1.1
2026-06-02T20:16:32.392Z /bootstrap/css/bootstrap.min.css.map GET 1.1
2026-06-02T20:16:32.398Z /vendor/chartjs/chart.umd.js.map GET 1.1
2026-06-02T20:16:32.405Z /bootstrap/js/bootstrap.bundle.min.js.map GET 1.1
2026-06-02T20:16:33.829Z /simulacao GET 1.1
2026-06-02T20:16:33.855Z /bootstrap/css/bootstrap.min.css GET 1.1
2026-06-02T20:16:33.857Z /css/style.css GET 1.1
2026-06-02T20:16:33.859Z /img/avatar.png GET 1.1
2026-06-02T20:16:33.859Z /js/simulacao.js GET 1.1
2026-06-02T20:16:33.859Z /vendor/chartjs/chart.umd.js GET 1.1
2026-06-02T20:16:33.860Z /bootstrap/js/bootstrap.bundle.min.js GET 1.1
2026-06-02T20:16:33.865Z /.well-known/appspecific/com.chrome.devtools.json GET 1.1
2026-06-02T20:16:33.889Z /bootstrap/css/bootstrap.min.css.map GET 1.1
2026-06-02T20:16:33.889Z /css/style.css.map GET 1.1
2026-06-02T20:16:33.896Z /vendor/chartjs/chart.umd.js.map GET 1.1
2026-06-02T20:16:33.896Z /bootstrap/js/bootstrap.bundle.min.js.map GET 1.1
2026-06-02T20:24:07.606Z /logout GET 1.1
2026-06-02T20:24:07.609Z /login GET 1.1
2026-06-02T20:24:07.640Z /bootstrap/css/bootstrap.min.css GET 1.1
2026-06-02T20:24:07.641Z /css/style.css GET 1.1
2026-06-02T20:24:07.649Z /.well-known/appspecific/com.chrome.devtools.json GET 1.1
2026-06-02T20:24:07.683Z /css/style.css.map GET 1.1
2026-06-02T20:24:07.691Z /bootstrap/css/bootstrap.min.css.map GET 1.1
2026-06-02T20:24:28.737Z /dashboard GET 1.1
2026-06-02T20:24:28.762Z /bootstrap/css/bootstrap.min.css GET 1.1
2026-06-02T20:24:28.764Z /css/style.css GET 1.1
2026-06-02T20:24:28.765Z /img/avatar.png GET 1.1
2026-06-02T20:24:28.767Z /js/dashboard.js GET 1.1
2026-06-02T20:24:28.767Z /vendor/chartjs/chart.umd.js GET 1.1
2026-06-02T20:24:28.768Z /bootstrap/js/bootstrap.bundle.min.js GET 1.1
2026-06-02T20:24:28.774Z /.well-known/appspecific/com.chrome.devtools.json GET 1.1
2026-06-02T20:24:28.793Z /css/style.css.map GET 1.1
2026-06-02T20:24:28.793Z /bootstrap/css/bootstrap.min.css.map GET 1.1
2026-06-02T20:24:28.846Z /vendor/chartjs/chart.umd.js.map GET 1.1
2026-06-02T20:24:28.847Z /bootstrap/js/bootstrap.bundle.min.js.map GET 1.1
2026-06-02T20:24:29.837Z /simulacao GET 1.1
2026-06-02T20:24:29.868Z /bootstrap/css/bootstrap.min.css GET 1.1
2026-06-02T20:24:29.868Z /css/style.css GET 1.1
2026-06-02T20:24:29.868Z /img/avatar.png GET 1.1
2026-06-02T20:24:29.868Z /js/simulacao.js GET 1.1
2026-06-02T20:24:29.878Z /.well-known/appspecific/com.chrome.devtools.json GET 1.1
2026-06-02T20:24:29.879Z /vendor/chartjs/chart.umd.js GET 1.1
2026-06-02T20:24:29.879Z /bootstrap/js/bootstrap.bundle.min.js GET 1.1
2026-06-02T20:24:29.903Z /css/style.css.map GET 1.1
2026-06-02T20:24:29.903Z /bootstrap/css/bootstrap.min.css.map GET 1.1
2026-06-02T20:24:29.950Z /vendor/chartjs/chart.umd.js.map GET 1.1
2026-06-02T20:24:29.954Z /bootstrap/js/bootstrap.bundle.min.js.map GET 1.1
2026-06-02T20:25:39.030Z /simulacao GET 1.1
2026-06-02T20:25:39.082Z /bootstrap/css/bootstrap.min.css GET 1.1
2026-06-02T20:25:39.082Z /css/style.css GET 1.1
2026-06-02T20:25:39.084Z /js/simulacao.js GET 1.1
2026-06-02T20:25:39.084Z /img/avatar.png GET 1.1
2026-06-02T20:25:39.084Z /vendor/chartjs/chart.umd.js GET 1.1
2026-06-02T20:25:39.085Z /bootstrap/js/bootstrap.bundle.min.js GET 1.1
2026-06-02T20:25:39.089Z /.well-known/appspecific/com.chrome.devtools.json GET 1.1
2026-06-02T20:25:39.118Z /css/style.css.map GET 1.1
2026-06-02T20:25:39.119Z /bootstrap/css/bootstrap.min.css.map GET 1.1
2026-06-02T20:25:39.159Z /vendor/chartjs/chart.umd.js.map GET 1.1
2026-06-02T20:25:39.159Z /bootstrap/js/bootstrap.bundle.min.js.map GET 1.1
2026-06-02T20:26:01.604Z /simulacao GET 1.1
2026-06-02T20:26:01.644Z /bootstrap/css/bootstrap.min.css GET 1.1
2026-06-02T20:26:01.644Z /css/style.css GET 1.1
2026-06-02T20:26:01.647Z /img/avatar.png GET 1.1
2026-06-02T20:26:01.647Z /vendor/chartjs/chart.umd.js GET 1.1
2026-06-02T20:26:01.648Z /js/simulacao.js GET 1.1
2026-06-02T20:26:01.650Z /bootstrap/js/bootstrap.bundle.min.js GET 1.1
2026-06-02T20:26:01.650Z /.well-known/appspecific/com.chrome.devtools.json GET 1.1
2026-06-02T20:26:01.673Z /css/style.css.map GET 1.1
2026-06-02T20:26:01.673Z /bootstrap/css/bootstrap.min.css.map GET 1.1
2026-06-02T20:26:01.719Z /vendor/chartjs/chart.umd.js.map GET 1.1
2026-06-02T20:26:01.719Z /bootstrap/js/bootstrap.bundle.min.js.map GET 1.1
2026-06-02T20:35:04.764Z /logout GET 1.1
2026-06-02T20:35:04.769Z /login GET 1.1
2026-06-02T20:35:04.791Z /bootstrap/css/bootstrap.min.css GET 1.1
2026-06-02T20:35:04.792Z /css/style.css GET 1.1
2026-06-02T20:35:04.800Z /.well-known/appspecific/com.chrome.devtools.json GET 1.1
2026-06-02T20:35:04.822Z /css/style.css.map GET 1.1
2026-06-02T20:35:04.822Z /bootstrap/css/bootstrap.min.css.map GET 1.1
2026-06-02T20:35:22.143Z /dashboard GET 1.1
2026-06-02T20:35:22.168Z /bootstrap/css/bootstrap.min.css GET 1.1
2026-06-02T20:35:22.171Z /css/style.css GET 1.1
2026-06-02T20:35:22.171Z /js/dashboard.js GET 1.1
2026-06-02T20:35:22.172Z /img/avatar.png GET 1.1
2026-06-02T20:35:22.172Z /vendor/chartjs/chart.umd.js GET 1.1
2026-06-02T20:35:22.172Z /bootstrap/js/bootstrap.bundle.min.js GET 1.1
2026-06-02T20:35:22.177Z /.well-known/appspecific/com.chrome.devtools.json GET 1.1
2026-06-02T20:35:22.199Z /bootstrap/css/bootstrap.min.css.map GET 1.1
2026-06-02T20:35:22.200Z /css/style.css.map GET 1.1
2026-06-02T20:35:22.216Z /vendor/chartjs/chart.umd.js.map GET 1.1
2026-06-02T20:35:22.216Z /bootstrap/js/bootstrap.bundle.min.js.map GET 1.1
2026-06-02T20:44:27.016Z /logout GET 1.1
2026-06-02T20:44:27.021Z /login GET 1.1
2026-06-02T20:44:27.073Z /bootstrap/css/bootstrap.min.css GET 1.1
2026-06-02T20:44:27.073Z /css/style.css GET 1.1
2026-06-02T20:44:27.076Z /.well-known/appspecific/com.chrome.devtools.json GET 1.1
2026-06-02T20:44:27.097Z /bootstrap/css/bootstrap.min.css.map GET 1.1
2026-06-02T20:44:27.097Z /css/style.css.map GET 1.1
2026-06-02T20:47:06.714Z /login GET 1.1
2026-06-02T20:47:06.766Z /bootstrap/css/bootstrap.min.css GET 1.1
2026-06-02T20:47:06.767Z /css/style.css GET 1.1
2026-06-02T20:47:06.770Z /.well-known/appspecific/com.chrome.devtools.json GET 1.1
2026-06-02T20:47:06.781Z /bootstrap/css/bootstrap.min.css.map GET 1.1
2026-06-02T20:47:06.812Z /css/style.css.map GET 1.1
2026-06-02T20:50:15.084Z /dashboard GET 1.1
2026-06-02T20:50:15.131Z /bootstrap/css/bootstrap.min.css GET 1.1
2026-06-02T20:50:15.131Z /css/style.css GET 1.1
2026-06-02T20:50:15.131Z /js/dashboard.js GET 1.1
2026-06-02T20:50:15.132Z /img/avatar.png GET 1.1
2026-06-02T20:50:15.141Z /vendor/chartjs/chart.umd.js GET 1.1
2026-06-02T20:50:15.142Z /bootstrap/js/bootstrap.bundle.min.js GET 1.1
2026-06-02T20:50:21.331Z /simulacao GET 1.1
2026-06-02T20:50:21.351Z /bootstrap/css/bootstrap.min.css GET 1.1
2026-06-02T20:50:21.351Z /css/style.css GET 1.1
2026-06-02T20:50:21.352Z /img/avatar.png GET 1.1
2026-06-02T20:50:21.352Z /js/simulacao.js GET 1.1
2026-06-02T20:50:21.353Z /vendor/chartjs/chart.umd.js GET 1.1
2026-06-02T20:50:21.353Z /bootstrap/js/bootstrap.bundle.min.js GET 1.1
2026-06-02T20:50:23.331Z /metrics GET 1.1
2026-06-02T20:50:23.354Z /bootstrap/css/bootstrap.min.css GET 1.1
2026-06-02T20:50:23.354Z /css/style.css GET 1.1
2026-06-02T20:50:23.354Z /img/avatar.png GET 1.1
2026-06-02T20:50:23.354Z /js/metrics.js GET 1.1
2026-06-02T20:50:23.354Z /vendor/chartjs/chart.umd.js GET 1.1
2026-06-02T20:50:23.355Z /bootstrap/js/bootstrap.bundle.min.js GET 1.1
2026-06-02T20:50:32.964Z /dashboard GET 1.1
2026-06-02T20:50:32.985Z /bootstrap/css/bootstrap.min.css GET 1.1
2026-06-02T20:50:32.985Z /css/style.css GET 1.1
2026-06-02T20:50:32.985Z /img/avatar.png GET 1.1
2026-06-02T20:50:32.986Z /js/dashboard.js GET 1.1
2026-06-02T20:50:32.987Z /vendor/chartjs/chart.umd.js GET 1.1
2026-06-02T20:50:32.987Z /bootstrap/js/bootstrap.bundle.min.js GET 1.1
2026-06-02T20:51:22.078Z /metrics GET 1.1
2026-06-02T20:51:22.098Z /bootstrap/css/bootstrap.min.css GET 1.1
2026-06-02T20:51:22.098Z /css/style.css GET 1.1
2026-06-02T20:51:22.100Z /js/metrics.js GET 1.1
2026-06-02T20:51:22.100Z /vendor/chartjs/chart.umd.js GET 1.1
2026-06-02T20:51:22.100Z /bootstrap/js/bootstrap.bundle.min.js GET 1.1
2026-06-02T20:51:22.100Z /img/avatar.png GET 1.1
2026-06-02T20:51:30.356Z /dashboard GET 1.1
2026-06-02T20:51:30.378Z /bootstrap/css/bootstrap.min.css GET 1.1
2026-06-02T20:51:30.380Z /css/style.css GET 1.1
2026-06-02T20:51:30.380Z /img/avatar.png GET 1.1
2026-06-02T20:51:30.381Z /vendor/chartjs/chart.umd.js GET 1.1
2026-06-02T20:51:30.381Z /bootstrap/js/bootstrap.bundle.min.js GET 1.1
2026-06-02T20:51:30.382Z /js/dashboard.js GET 1.1
2026-06-02T20:57:15.021Z /logout GET 1.1
2026-06-02T20:57:15.026Z /login GET 1.1
2026-06-02T20:57:15.042Z /bootstrap/css/bootstrap.min.css GET 1.1
2026-06-02T20:57:15.043Z /css/style.css GET 1.1
2026-06-03T18:05:22.032Z / GET 1.1
2026-06-03T18:05:22.043Z /dashboard GET 1.1
2026-06-03T18:05:22.085Z /bootstrap/css/bootstrap.min.css GET 1.1
2026-06-03T18:05:22.086Z /css/style.css GET 1.1
2026-06-03T18:05:22.087Z /img/avatar.png GET 1.1
2026-06-03T18:05:22.087Z /js/dashboard.js GET 1.1
2026-06-03T18:05:22.089Z /vendor/chartjs/chart.umd.js GET 1.1
2026-06-03T18:05:22.089Z /bootstrap/js/bootstrap.bundle.min.js GET 1.1
2026-06-03T18:05:22.194Z /login GET 1.1
2026-06-03T18:05:22.209Z /bootstrap/css/bootstrap.min.css GET 1.1
2026-06-03T18:05:22.209Z /css/style.css GET 1.1
2026-06-03T18:05:22.631Z /favicon.ico GET 1.1
2026-06-03T18:05:33.708Z /dashboard GET 1.1
2026-06-03T18:05:33.726Z /bootstrap/css/bootstrap.min.css GET 1.1
2026-06-03T18:05:33.728Z /css/style.css GET 1.1
2026-06-03T18:05:33.728Z /js/dashboard.js GET 1.1
2026-06-03T18:05:33.728Z /vendor/chartjs/chart.umd.js GET 1.1
2026-06-03T18:05:33.728Z /img/avatar.png GET 1.1
2026-06-03T18:05:33.729Z /bootstrap/js/bootstrap.bundle.min.js GET 1.1
2026-06-03T18:08:24.399Z /metrics GET 1.1
2026-06-03T18:08:24.429Z /bootstrap/css/bootstrap.min.css GET 1.1
2026-06-03T18:08:24.429Z /css/style.css GET 1.1
2026-06-03T18:08:24.429Z /img/avatar.png GET 1.1
2026-06-03T18:08:24.430Z /vendor/chartjs/chart.umd.js GET 1.1
2026-06-03T18:08:24.430Z /bootstrap/js/bootstrap.bundle.min.js GET 1.1
2026-06-03T18:08:24.430Z /js/metrics.js GET 1.1
2026-06-03T18:08:50.662Z /simulacao GET 1.1
2026-06-03T18:08:50.688Z /bootstrap/css/bootstrap.min.css GET 1.1
2026-06-03T18:08:50.689Z /css/style.css GET 1.1
2026-06-03T18:08:50.691Z /js/simulacao.js GET 1.1
2026-06-03T18:08:50.691Z /img/avatar.png GET 1.1
2026-06-03T18:08:50.691Z /vendor/chartjs/chart.umd.js GET 1.1
2026-06-03T18:08:50.691Z /bootstrap/js/bootstrap.bundle.min.js GET 1.1
2026-06-03T18:10:08.778Z /metrics GET 1.1
2026-06-03T18:10:08.795Z /bootstrap/css/bootstrap.min.css GET 1.1
2026-06-03T18:10:08.796Z /css/style.css GET 1.1
2026-06-03T18:10:08.797Z /img/avatar.png GET 1.1
2026-06-03T18:10:08.798Z /js/metrics.js GET 1.1
2026-06-03T18:10:08.798Z /bootstrap/js/bootstrap.bundle.min.js GET 1.1
2026-06-03T18:10:08.798Z /vendor/chartjs/chart.umd.js GET 1.1
2026-06-03T18:10:35.129Z /dashboard GET 1.1
2026-06-03T18:10:35.147Z /bootstrap/css/bootstrap.min.css GET 1.1
2026-06-03T18:10:35.147Z /css/style.css GET 1.1
2026-06-03T18:10:35.147Z /img/avatar.png GET 1.1
2026-06-03T18:10:35.147Z /js/dashboard.js GET 1.1
2026-06-03T18:10:35.148Z /vendor/chartjs/chart.umd.js GET 1.1
2026-06-03T18:10:35.149Z /bootstrap/js/bootstrap.bundle.min.js GET 1.1
2026-06-03T18:10:35.164Z /login GET 1.1
2026-06-03T18:10:35.178Z /bootstrap/css/bootstrap.min.css GET 1.1
2026-06-03T18:10:35.179Z /css/style.css GET 1.1
2026-06-03T18:10:57.000Z /dashboard GET 1.1
2026-06-03T18:10:57.017Z /bootstrap/css/bootstrap.min.css GET 1.1
2026-06-03T18:10:57.018Z /bootstrap/js/bootstrap.bundle.min.js GET 1.1
2026-06-03T18:10:57.018Z /css/style.css GET 1.1
2026-06-03T18:10:57.018Z /js/dashboard.js GET 1.1
2026-06-03T18:10:57.018Z /img/avatar.png GET 1.1
2026-06-03T18:10:57.018Z /vendor/chartjs/chart.umd.js GET 1.1
2026-06-03T18:11:00.026Z /simulacao GET 1.1
2026-06-03T18:11:00.045Z /bootstrap/css/bootstrap.min.css GET 1.1
2026-06-03T18:11:00.045Z /css/style.css GET 1.1
2026-06-03T18:11:00.046Z /img/avatar.png GET 1.1
2026-06-03T18:11:00.046Z /js/simulacao.js GET 1.1
2026-06-03T18:11:00.046Z /bootstrap/js/bootstrap.bundle.min.js GET 1.1
2026-06-03T18:11:00.046Z /vendor/chartjs/chart.umd.js GET 1.1
2026-06-03T18:11:01.328Z /metrics GET 1.1
2026-06-03T18:11:01.344Z /bootstrap/css/bootstrap.min.css GET 1.1
2026-06-03T18:11:01.344Z /css/style.css GET 1.1
2026-06-03T18:11:01.344Z /img/avatar.png GET 1.1
2026-06-03T18:11:01.345Z /js/metrics.js GET 1.1
2026-06-03T18:11:01.345Z /vendor/chartjs/chart.umd.js GET 1.1
2026-06-03T18:11:01.345Z /bootstrap/js/bootstrap.bundle.min.js GET 1.1
2026-06-03T18:12:17.824Z /logout GET 1.1
2026-06-03T18:12:17.827Z /login GET 1.1
2026-06-03T18:12:17.841Z /bootstrap/css/bootstrap.min.css GET 1.1
2026-06-03T18:12:17.842Z /css/style.css GET 1.1
2026-06-03T18:12:47.327Z /login GET 1.1
2026-06-03T18:12:47.418Z /bootstrap/css/bootstrap.min.css GET 1.1
2026-06-03T18:12:47.418Z /css/style.css GET 1.1
2026-06-03T18:18:44.732Z /login GET 1.1
2026-06-03T18:18:44.768Z /bootstrap/css/bootstrap.min.css GET 1.1
2026-06-03T18:18:44.768Z /css/style.css GET 1.1
2026-06-03T18:18:54.389Z /login POST 1.1
2026-06-03T18:18:54.745Z /dashboard GET 1.1
2026-06-03T18:18:57.795Z /bootstrap/css/bootstrap.min.css GET 1.1
2026-06-03T18:18:57.798Z /css/style.css GET 1.1
2026-06-03T18:18:57.799Z /img/avatar.png GET 1.1
2026-06-03T18:18:57.800Z /vendor/chartjs/chart.umd.js GET 1.1
2026-06-03T18:18:57.800Z /js/dashboard.js GET 1.1
2026-06-03T18:18:57.800Z /bootstrap/js/bootstrap.bundle.min.js GET 1.1
2026-06-03T18:19:01.016Z /simulacao GET 1.1
2026-06-03T18:19:01.082Z /css/style.css GET 1.1
2026-06-03T18:19:01.082Z /bootstrap/css/bootstrap.min.css GET 1.1
2026-06-03T18:19:01.082Z /js/simulacao.js GET 1.1
2026-06-03T18:19:01.082Z /img/avatar.png GET 1.1
2026-06-03T18:19:01.082Z /vendor/chartjs/chart.umd.js GET 1.1
2026-06-03T18:19:01.082Z /bootstrap/js/bootstrap.bundle.min.js GET 1.1
2026-06-03T18:19:03.615Z /metrics GET 1.1
2026-06-03T18:19:06.543Z /css/style.css GET 1.1
2026-06-03T18:19:06.543Z /bootstrap/css/bootstrap.min.css GET 1.1
2026-06-03T18:19:06.543Z /js/metrics.js GET 1.1
2026-06-03T18:19:06.543Z /vendor/chartjs/chart.umd.js GET 1.1
2026-06-03T18:19:06.543Z /bootstrap/js/bootstrap.bundle.min.js GET 1.1
2026-06-03T18:19:06.544Z /img/avatar.png GET 1.1
2026-06-03T18:27:58.692Z /metrics GET 1.1
2026-06-03T18:27:58.735Z /login GET 1.1
2026-06-03T18:27:58.761Z /bootstrap/css/bootstrap.min.css GET 1.1
2026-06-03T18:27:58.761Z /css/style.css GET 1.1
2026-06-03T18:28:07.484Z /login POST 1.1
2026-06-03T18:28:07.818Z /dashboard GET 1.1
2026-06-03T18:28:10.885Z /bootstrap/css/bootstrap.min.css GET 1.1
2026-06-03T18:28:10.888Z /css/style.css GET 1.1
2026-06-03T18:28:10.889Z /img/avatar.png GET 1.1
2026-06-03T18:28:10.889Z /js/dashboard.js GET 1.1
2026-06-03T18:28:10.889Z /bootstrap/js/bootstrap.bundle.min.js GET 1.1
2026-06-03T18:28:10.889Z /vendor/chartjs/chart.umd.js GET 1.1
2026-06-03T18:28:12.443Z /metrics GET 1.1
2026-06-03T18:28:13.319Z /bootstrap/css/bootstrap.min.css GET 1.1
2026-06-03T18:28:13.319Z /css/style.css GET 1.1
2026-06-03T18:28:13.319Z /img/avatar.png GET 1.1
2026-06-03T18:28:13.319Z /js/metrics.js GET 1.1
2026-06-03T18:28:13.319Z /vendor/chartjs/chart.umd.js GET 1.1
2026-06-03T18:28:13.319Z /bootstrap/js/bootstrap.bundle.min.js GET 1.1
2026-06-03T18:38:54.047Z /metrics GET 1.1
2026-06-03T18:38:54.057Z /login GET 1.1
2026-06-03T18:38:54.078Z /bootstrap/css/bootstrap.min.css GET 1.1
2026-06-03T18:38:54.078Z /css/style.css GET 1.1
2026-06-03T18:39:03.044Z /login POST 1.1
2026-06-03T18:39:03.425Z /bootstrap/css/bootstrap.min.css GET 1.1
2026-06-03T18:39:03.425Z /css/style.css GET 1.1
2026-06-03T18:39:13.840Z /login POST 1.1
2026-06-03T18:39:14.164Z /dashboard GET 1.1
2026-06-03T18:39:17.262Z /bootstrap/css/bootstrap.min.css GET 1.1
2026-06-03T18:39:17.263Z /css/style.css GET 1.1
2026-06-03T18:39:17.263Z /js/dashboard.js GET 1.1
2026-06-03T18:39:17.264Z /vendor/chartjs/chart.umd.js GET 1.1
2026-06-03T18:39:17.264Z /bootstrap/js/bootstrap.bundle.min.js GET 1.1
2026-06-03T18:39:17.265Z /img/avatar.png GET 1.1
2026-06-03T18:39:18.599Z /metrics GET 1.1
2026-06-03T18:39:19.557Z /img/avatar.png GET 1.1
2026-06-03T18:39:19.557Z /bootstrap/css/bootstrap.min.css GET 1.1
2026-06-03T18:39:19.557Z /css/style.css GET 1.1
2026-06-03T18:39:19.557Z /js/metrics.js GET 1.1
2026-06-03T18:39:19.557Z /vendor/chartjs/chart.umd.js GET 1.1
2026-06-03T18:39:19.558Z /bootstrap/js/bootstrap.bundle.min.js GET 1.1
2026-06-03T18:39:38.840Z /metrics GET 1.1
2026-06-03T18:39:40.328Z /metrics GET 1.1
2026-06-03T18:40:22.342Z /metrics GET 1.1
2026-06-03T18:40:26.343Z /metrics GET 1.1
2026-06-03T18:40:43.034Z /metrics GET 1.1
2026-06-03T18:40:46.591Z /metrics GET 1.1
2026-06-03T18:40:58.583Z /logout GET 1.1
2026-06-03T18:40:58.595Z /login GET 1.1
2026-06-03T18:40:58.633Z /bootstrap/css/bootstrap.min.css GET 1.1
2026-06-03T18:40:58.633Z /css/style.css GET 1.1
2026-06-03T18:41:07.422Z /login POST 1.1
2026-06-03T18:41:07.780Z /dashboard GET 1.1
2026-06-03T18:41:10.775Z /bootstrap/css/bootstrap.min.css GET 1.1
2026-06-03T18:41:10.776Z /js/dashboard.js GET 1.1
2026-06-03T18:41:10.777Z /img/avatar.png GET 1.1
2026-06-03T18:41:10.777Z /css/style.css GET 1.1
2026-06-03T18:41:10.781Z /vendor/chartjs/chart.umd.js GET 1.1
2026-06-03T18:41:10.782Z /bootstrap/js/bootstrap.bundle.min.js GET 1.1
2026-06-03T18:41:12.176Z /metrics GET 1.1
2026-06-03T18:41:26.899Z /metrics GET 1.1
2026-06-03T18:41:28.540Z /bootstrap/css/bootstrap.min.css GET 1.1
2026-06-03T18:41:28.541Z /css/style.css GET 1.1
2026-06-03T18:41:28.541Z /img/avatar.png GET 1.1
2026-06-03T18:41:28.541Z /js/metrics.js GET 1.1
2026-06-03T18:41:28.549Z /vendor/chartjs/chart.umd.js GET 1.1
2026-06-03T18:41:28.549Z /bootstrap/js/bootstrap.bundle.min.js GET 1.1
2026-06-03T18:41:35.488Z /api/metrics POST 1.1
2026-06-03T18:41:59.712Z /metrics GET 1.1
2026-06-03T18:42:00.659Z /bootstrap/css/bootstrap.min.css GET 1.1
2026-06-03T18:42:00.660Z /css/style.css GET 1.1
2026-06-03T18:42:00.661Z /img/avatar.png GET 1.1
2026-06-03T18:42:00.661Z /js/metrics.js GET 1.1
2026-06-03T18:42:00.662Z /vendor/chartjs/chart.umd.js GET 1.1
2026-06-03T18:42:00.662Z /bootstrap/js/bootstrap.bundle.min.js GET 1.1
2026-06-03T18:42:19.871Z /api/metrics POST 1.1
2026-06-03T18:45:44.831Z /metrics GET 1.1
2026-06-03T18:45:45.735Z /bootstrap/css/bootstrap.min.css GET 1.1
2026-06-03T18:45:45.735Z /css/style.css GET 1.1
2026-06-03T18:45:45.735Z /img/avatar.png GET 1.1
2026-06-03T18:45:45.738Z /js/metrics.js GET 1.1
2026-06-03T18:45:45.739Z /vendor/chartjs/chart.umd.js GET 1.1
2026-06-03T18:45:45.739Z /bootstrap/js/bootstrap.bundle.min.js GET 1.1
2026-06-03T18:45:50.021Z /api/metrics POST 1.1
2026-06-03T18:45:52.181Z /api/metrics POST 1.1
2026-06-03T18:45:54.672Z /logout GET 1.1
2026-06-03T18:45:54.677Z /login GET 1.1
2026-06-03T18:45:54.695Z /bootstrap/css/bootstrap.min.css GET 1.1
2026-06-03T18:45:54.695Z /css/style.css GET 1.1
2026-06-03T18:46:03.801Z /login POST 1.1
2026-06-03T18:46:04.136Z /dashboard GET 1.1
2026-06-03T18:46:07.338Z /bootstrap/css/bootstrap.min.css GET 1.1
2026-06-03T18:46:07.339Z /js/dashboard.js GET 1.1
2026-06-03T18:46:07.339Z /img/avatar.png GET 1.1
2026-06-03T18:46:07.339Z /css/style.css GET 1.1
2026-06-03T18:46:07.339Z /bootstrap/js/bootstrap.bundle.min.js GET 1.1
2026-06-03T18:46:07.339Z /vendor/chartjs/chart.umd.js GET 1.1
2026-06-03T18:46:08.655Z /metrics GET 1.1
2026-06-03T18:46:09.525Z /bootstrap/css/bootstrap.min.css GET 1.1
2026-06-03T18:46:09.525Z /img/avatar.png GET 1.1
2026-06-03T18:46:09.525Z /css/style.css GET 1.1
2026-06-03T18:46:09.526Z /vendor/chartjs/chart.umd.js GET 1.1
2026-06-03T18:46:09.527Z /bootstrap/js/bootstrap.bundle.min.js GET 1.1
2026-06-03T18:46:09.526Z /js/metrics.js GET 1.1
2026-06-03T18:46:11.965Z /api/metrics POST 1.1
2026-06-03T18:46:15.476Z /api/metrics POST 1.1
2026-06-03T19:00:41.248Z /logout GET 1.1
2026-06-03T19:00:41.252Z /login GET 1.1
2026-06-03T19:00:41.271Z /bootstrap/css/bootstrap.min.css GET 1.1
2026-06-03T19:00:41.271Z /css/style.css GET 1.1
2026-06-03T20:48:31.197Z /login POST 1.1
2026-06-03T20:48:31.573Z /dashboard GET 1.1
2026-06-03T20:48:34.766Z /bootstrap/css/bootstrap.min.css GET 1.1
2026-06-03T20:48:34.768Z /js/dashboard.js GET 1.1
2026-06-03T20:48:34.768Z /css/style.css GET 1.1
2026-06-03T20:48:34.768Z /vendor/chartjs/chart.umd.js GET 1.1
2026-06-03T20:48:34.768Z /img/avatar.png GET 1.1
2026-06-03T20:48:34.768Z /bootstrap/js/bootstrap.bundle.min.js GET 1.1
2026-06-03T20:48:38.335Z /bootstrap/css/bootstrap.min.css GET 1.1
2026-06-03T20:48:38.335Z /css/style.css GET 1.1
2026-06-03T20:48:38.343Z /.well-known/appspecific/com.chrome.devtools.json GET 1.1
2026-06-03T20:48:38.373Z /vendor/chartjs/chart.umd.js.map GET 1.1
2026-06-03T20:48:38.373Z /bootstrap/js/bootstrap.bundle.min.js.map GET 1.1
2026-06-03T20:48:38.389Z /css/style.css.map GET 1.1
2026-06-03T20:48:38.390Z /bootstrap/css/bootstrap.min.css.map GET 1.1
2026-06-03T20:48:50.823Z /simulacao GET 1.1
2026-06-03T20:48:50.866Z /bootstrap/css/bootstrap.min.css GET 1.1
2026-06-03T20:48:50.867Z /css/style.css GET 1.1
2026-06-03T20:48:50.867Z /js/simulacao.js GET 1.1
2026-06-03T20:48:50.868Z /img/avatar.png GET 1.1
2026-06-03T20:48:50.870Z /vendor/chartjs/chart.umd.js GET 1.1
2026-06-03T20:48:50.871Z /bootstrap/js/bootstrap.bundle.min.js GET 1.1
2026-06-03T20:48:50.874Z /.well-known/appspecific/com.chrome.devtools.json GET 1.1
2026-06-03T20:48:50.895Z /bootstrap/css/bootstrap.min.css.map GET 1.1
2026-06-03T20:48:50.895Z /css/style.css.map GET 1.1
2026-06-03T20:48:50.910Z /vendor/chartjs/chart.umd.js.map GET 1.1
2026-06-03T20:48:50.915Z /bootstrap/js/bootstrap.bundle.min.js.map GET 1.1
2026-06-03T20:48:58.237Z /metrics GET 1.1
2026-06-03T20:48:59.634Z /metrics GET 1.1
2026-06-03T20:49:00.457Z /bootstrap/css/bootstrap.min.css GET 1.1
2026-06-03T20:49:00.458Z /js/metrics.js GET 1.1
2026-06-03T20:49:00.458Z /img/avatar.png GET 1.1
2026-06-03T20:49:00.459Z /css/style.css GET 1.1
2026-06-03T20:49:00.460Z /vendor/chartjs/chart.umd.js GET 1.1
2026-06-03T20:49:00.461Z /bootstrap/js/bootstrap.bundle.min.js GET 1.1
2026-06-03T20:49:00.465Z /.well-known/appspecific/com.chrome.devtools.json GET 1.1
2026-06-03T20:49:00.484Z /bootstrap/css/bootstrap.min.css.map GET 1.1
2026-06-03T20:49:00.484Z /css/style.css.map GET 1.1
2026-06-03T20:49:00.488Z /vendor/chartjs/chart.umd.js.map GET 1.1
2026-06-03T20:49:00.489Z /bootstrap/js/bootstrap.bundle.min.js.map GET 1.1
2026-06-03T20:49:16.692Z /dashboard GET 1.1
2026-06-03T20:49:19.449Z /bootstrap/css/bootstrap.min.css GET 1.1
2026-06-03T20:49:19.451Z /css/style.css GET 1.1
2026-06-03T20:49:19.451Z /js/dashboard.js GET 1.1
2026-06-03T20:49:19.451Z /vendor/chartjs/chart.umd.js GET 1.1
2026-06-03T20:49:19.451Z /bootstrap/js/bootstrap.bundle.min.js GET 1.1
2026-06-03T20:49:19.452Z /img/avatar.png GET 1.1
2026-06-03T20:49:28.869Z /metrics GET 1.1
2026-06-03T20:49:30.411Z /bootstrap/css/bootstrap.min.css GET 1.1
2026-06-03T20:49:30.413Z /css/style.css GET 1.1
2026-06-03T20:49:30.414Z /vendor/chartjs/chart.umd.js GET 1.1
2026-06-03T20:49:30.414Z /js/metrics.js GET 1.1
2026-06-03T20:49:30.414Z /bootstrap/js/bootstrap.bundle.min.js GET 1.1
2026-06-03T20:49:30.414Z /img/avatar.png GET 1.1
2026-06-03T20:49:45.309Z /api/metrics POST 1.1
2026-06-03T20:52:47.431Z /dashboard GET 1.1
2026-06-03T20:52:50.885Z /bootstrap/css/bootstrap.min.css GET 1.1
2026-06-03T20:52:50.887Z /css/style.css GET 1.1
2026-06-03T20:52:50.887Z /js/dashboard.js GET 1.1
2026-06-03T20:52:50.887Z /vendor/chartjs/chart.umd.js GET 1.1
2026-06-03T20:52:50.887Z /img/avatar.png GET 1.1
2026-06-03T20:52:50.887Z /bootstrap/js/bootstrap.bundle.min.js GET 1.1
2026-06-03T20:55:11.464Z /metrics GET 1.1
2026-06-03T20:55:11.479Z /login GET 1.1
2026-06-03T20:55:11.496Z /bootstrap/css/bootstrap.min.css GET 1.1
2026-06-03T20:55:11.496Z /css/style.css GET 1.1
2026-06-03T20:55:19.677Z /login POST 1.1
2026-06-03T20:55:20.010Z /dashboard GET 1.1
2026-06-03T20:55:22.972Z /bootstrap/css/bootstrap.min.css GET 1.1
2026-06-03T20:55:22.974Z /img/avatar.png GET 1.1
2026-06-03T20:55:22.973Z /css/style.css GET 1.1
2026-06-03T20:55:22.974Z /js/dashboard.js GET 1.1
2026-06-03T20:55:22.974Z /vendor/chartjs/chart.umd.js GET 1.1
2026-06-03T20:55:22.974Z /bootstrap/js/bootstrap.bundle.min.js GET 1.1
2026-06-03T20:55:24.199Z /metrics GET 1.1
2026-06-03T20:55:25.633Z /metrics GET 1.1
2026-06-03T20:55:26.494Z /bootstrap/css/bootstrap.min.css GET 1.1
2026-06-03T20:55:26.494Z /css/style.css GET 1.1
2026-06-03T20:55:26.494Z /img/avatar.png GET 1.1
2026-06-03T20:55:26.494Z /js/metrics.js GET 1.1
2026-06-03T20:55:26.494Z /vendor/chartjs/chart.umd.js GET 1.1
2026-06-03T20:55:26.494Z /bootstrap/js/bootstrap.bundle.min.js GET 1.1
2026-06-03T20:55:29.887Z /simulacao GET 1.1
2026-06-03T20:55:29.915Z /bootstrap/css/bootstrap.min.css GET 1.1
2026-06-03T20:55:29.915Z /css/style.css GET 1.1
2026-06-03T20:55:29.915Z /js/simulacao.js GET 1.1
2026-06-03T20:55:29.915Z /img/avatar.png GET 1.1
2026-06-03T20:55:29.915Z /vendor/chartjs/chart.umd.js GET 1.1
2026-06-03T20:55:29.915Z /bootstrap/js/bootstrap.bundle.min.js GET 1.1
2026-06-03T20:57:11.952Z /logout GET 1.1
2026-06-03T20:57:11.955Z /login GET 1.1
2026-06-03T20:57:11.972Z /bootstrap/css/bootstrap.min.css GET 1.1
2026-06-03T20:57:11.973Z /css/style.css GET 1.1
2026-06-03T21:05:44.250Z /login POST 1.1
2026-06-03T21:05:44.592Z /dashboard GET 1.1
2026-06-03T21:05:48.116Z /bootstrap/css/bootstrap.min.css GET 1.1
2026-06-03T21:05:48.117Z /css/style.css GET 1.1
2026-06-03T21:05:48.117Z /img/avatar.png GET 1.1
2026-06-03T21:05:48.117Z /js/dashboard.js GET 1.1
2026-06-03T21:05:48.124Z /vendor/chartjs/chart.umd.js GET 1.1
2026-06-03T21:05:48.124Z /bootstrap/js/bootstrap.bundle.min.js GET 1.1
2026-06-03T21:08:50.360Z /logout GET 1.1
2026-06-03T21:08:50.364Z /login GET 1.1
2026-06-03T21:08:50.380Z /bootstrap/css/bootstrap.min.css GET 1.1
2026-06-03T21:08:50.380Z /css/style.css GET 1.1
